2025-10-15T03:23:57.6632003Z Current runner version: '2.328.0'
2025-10-15T03:23:57.6654645Z ##[group]Runner Image Provisioner
2025-10-15T03:23:57.6655437Z Hosted Compute Agent
2025-10-15T03:23:57.6656142Z Version: 20250912.392
2025-10-15T03:23:57.6657160Z Commit: d921fda672a98b64f4f82364647e2f10b2267d0b
2025-10-15T03:23:57.6657927Z Build Date: 2025-09-12T15:23:14Z
2025-10-15T03:23:57.6658502Z ##[endgroup]
2025-10-15T03:23:57.6659018Z ##[group]Operating System
2025-10-15T03:23:57.6659612Z Ubuntu
2025-10-15T03:23:57.6660122Z 24.04.3
2025-10-15T03:23:57.6660582Z LTS
2025-10-15T03:23:57.6661079Z ##[endgroup]
2025-10-15T03:23:57.6661588Z ##[group]Runner Image
2025-10-15T03:23:57.6662127Z Image: ubuntu-24.04
2025-10-15T03:23:57.6662642Z Version: 20250929.60.1
2025-10-15T03:23:57.6663708Z Included Software: https://github.com/actions/runner-images/blob/ubuntu24/20250929.60/images/ubuntu/Ubuntu2404-Readme.md
2025-10-15T03:23:57.6665385Z Image Release: https://github.com/actions/runner-images/releases/tag/ubuntu24%2F20250929.60
2025-10-15T03:23:57.6666406Z ##[endgroup]
2025-10-15T03:23:57.6669163Z ##[group]GITHUB_TOKEN Permissions
2025-10-15T03:23:57.6671188Z Actions: write
2025-10-15T03:23:57.6671723Z Attestations: write
2025-10-15T03:23:57.6672348Z Checks: write
2025-10-15T03:23:57.6672865Z Contents: write
2025-10-15T03:23:57.6673362Z Deployments: write
2025-10-15T03:23:57.6673925Z Discussions: write
2025-10-15T03:23:57.6674480Z Issues: write
2025-10-15T03:23:57.6674970Z Metadata: read
2025-10-15T03:23:57.6675539Z Models: read
2025-10-15T03:23:57.6676035Z Packages: write
2025-10-15T03:23:57.6676505Z Pages: write
2025-10-15T03:23:57.6677688Z PullRequests: write
2025-10-15T03:23:57.6678199Z RepositoryProjects: write
2025-10-15T03:23:57.6678765Z SecurityEvents: write
2025-10-15T03:23:57.6679469Z Statuses: write
2025-10-15T03:23:57.6680012Z ##[endgroup]
2025-10-15T03:23:57.6682099Z Secret source: Actions
2025-10-15T03:23:57.6682799Z Prepare workflow directory
2025-10-15T03:23:57.7118097Z Prepare all required actions
2025-10-15T03:23:57.7154796Z Getting action download info
2025-10-15T03:23:58.2054781Z Download action repository 'actions/checkout@v4' (SHA:08eba0b27e820071cde6df949e0beb9ba4906955)
2025-10-15T03:23:58.4036572Z Download action repository 'docker/setup-buildx-action@v3' (SHA:e468171a9de216ec08956ac3ada2f0791b6bd435)
2025-10-15T03:23:59.1603786Z Download action repository 'docker/login-action@v3' (SHA:5e57cd118135c172c3672efd75eb46360885c0ef)
2025-10-15T03:23:59.8469264Z Download action repository 'docker/build-push-action@v5' (SHA:ca052bb54ab0790a636c9b5f226502c73d547a25)
2025-10-15T03:24:00.6600108Z Complete job name: 🚀 Continuous Deployment (MAIN Branch Only)
2025-10-15T03:24:00.7250856Z ##[group]Run actions/checkout@v4
2025-10-15T03:24:00.7251487Z with:
2025-10-15T03:24:00.7251752Z   repository: naesman1/guestbook-cicd
2025-10-15T03:24:00.7252222Z   token: ***
2025-10-15T03:24:00.7252465Z   ssh-strict: true
2025-10-15T03:24:00.7252727Z   ssh-user: git
2025-10-15T03:24:00.7252977Z   persist-credentials: true
2025-10-15T03:24:00.7253261Z   clean: true
2025-10-15T03:24:00.7253539Z   sparse-checkout-cone-mode: true
2025-10-15T03:24:00.7253848Z   fetch-depth: 1
2025-10-15T03:24:00.7254091Z   fetch-tags: false
2025-10-15T03:24:00.7254341Z   show-progress: true
2025-10-15T03:24:00.7254582Z   lfs: false
2025-10-15T03:24:00.7254803Z   submodules: false
2025-10-15T03:24:00.7255050Z   set-safe-directory: true
2025-10-15T03:24:00.7255521Z env:
2025-10-15T03:24:00.7255778Z   DOCKER_IMAGE_NAME: guestbook-frontend
2025-10-15T03:24:00.7256072Z ##[endgroup]
2025-10-15T03:24:00.8312162Z Syncing repository: naesman1/guestbook-cicd
2025-10-15T03:24:00.8313588Z ##[group]Getting Git version info
2025-10-15T03:24:00.8314091Z Working directory is '/home/runner/work/guestbook-cicd/guestbook-cicd'
2025-10-15T03:24:00.8314782Z [command]/usr/bin/git version
2025-10-15T03:24:00.9331779Z git version 2.51.0
2025-10-15T03:24:00.9359379Z ##[endgroup]
2025-10-15T03:24:00.9373152Z Temporarily overriding HOME='/home/runner/work/_temp/0164962a-50a7-445c-aa4a-56cb9e3f4fff' before making global git config changes
2025-10-15T03:24:00.9374334Z Adding repository directory to the temporary git global config as a safe directory
2025-10-15T03:24:00.9385885Z [command]/usr/bin/git config --global --add safe.directory /home/runner/work/guestbook-cicd/guestbook-cicd
2025-10-15T03:24:00.9468298Z Deleting the contents of '/home/runner/work/guestbook-cicd/guestbook-cicd'
2025-10-15T03:24:00.9471678Z ##[group]Initializing the repository
2025-10-15T03:24:00.9475401Z [command]/usr/bin/git init /home/runner/work/guestbook-cicd/guestbook-cicd
2025-10-15T03:24:01.0574900Z hint: Using 'master' as the name for the initial branch. This default branch name
2025-10-15T03:24:01.0575628Z hint: is subject to change. To configure the initial branch name to use in all
2025-10-15T03:24:01.0576252Z hint: of your new repositories, which will suppress this warning, call:
2025-10-15T03:24:01.0576881Z hint:
2025-10-15T03:24:01.0577274Z hint: 	git config --global init.defaultBranch <name>
2025-10-15T03:24:01.0577686Z hint:
2025-10-15T03:24:01.0578072Z hint: Names commonly chosen instead of 'master' are 'main', 'trunk' and
2025-10-15T03:24:01.0578665Z hint: 'development'. The just-created branch can be renamed via this command:
2025-10-15T03:24:01.0579125Z hint:
2025-10-15T03:24:01.0579410Z hint: 	git branch -m <name>
2025-10-15T03:24:01.0579707Z hint:
2025-10-15T03:24:01.0580102Z hint: Disable this message with "git config set advice.defaultBranchName false"
2025-10-15T03:24:01.0637029Z Initialized empty Git repository in /home/runner/work/guestbook-cicd/guestbook-cicd/.git/
2025-10-15T03:24:01.0654527Z [command]/usr/bin/git remote add origin https://github.com/naesman1/guestbook-cicd
2025-10-15T03:24:01.0797679Z ##[endgroup]
2025-10-15T03:24:01.0798537Z ##[group]Disabling automatic garbage collection
2025-10-15T03:24:01.0803458Z [command]/usr/bin/git config --local gc.auto 0
2025-10-15T03:24:01.0836387Z ##[endgroup]
2025-10-15T03:24:01.0837498Z ##[group]Setting up auth
2025-10-15T03:24:01.0844872Z [command]/usr/bin/git config --local --name-only --get-regexp core\.sshCommand
2025-10-15T03:24:01.0878653Z [command]/usr/bin/git submodule foreach --recursive sh -c "git config --local --name-only --get-regexp 'core\.sshCommand' && git config --local --unset-all 'core.sshCommand' || :"
2025-10-15T03:24:01.2720761Z [command]/usr/bin/git config --local --name-only --get-regexp http\.https\:\/\/github\.com\/\.extraheader
2025-10-15T03:24:01.2752340Z [command]/usr/bin/git submodule foreach --recursive sh -c "git config --local --name-only --get-regexp 'http\.https\:\/\/github\.com\/\.extraheader' && git config --local --unset-all 'http.https://github.com/.extraheader' || :"
2025-10-15T03:24:01.2973327Z [command]/usr/bin/git config --local http.https://github.com/.extraheader AUTHORIZATION: basic ***
2025-10-15T03:24:01.3008589Z ##[endgroup]
2025-10-15T03:24:01.3009316Z ##[group]Fetching the repository
2025-10-15T03:24:01.3027474Z [command]/usr/bin/git -c protocol.version=2 fetch --no-tags --prune --no-recurse-submodules --depth=1 origin +08279e63211d6ce545c2dae23b19310593159bb9:refs/remotes/origin/main
2025-10-15T03:24:02.0373364Z From https://github.com/naesman1/guestbook-cicd
2025-10-15T03:24:02.0374154Z  * [new ref]         08279e63211d6ce545c2dae23b19310593159bb9 -> origin/main
2025-10-15T03:24:02.0452607Z ##[endgroup]
2025-10-15T03:24:02.0453114Z ##[group]Determining the checkout info
2025-10-15T03:24:02.0454987Z ##[endgroup]
2025-10-15T03:24:02.0460202Z [command]/usr/bin/git sparse-checkout disable
2025-10-15T03:24:02.0551468Z [command]/usr/bin/git config --local --unset-all extensions.worktreeConfig
2025-10-15T03:24:02.0578477Z ##[group]Checking out the ref
2025-10-15T03:24:02.0582127Z [command]/usr/bin/git checkout --progress --force -B main refs/remotes/origin/main
2025-10-15T03:24:02.0702668Z Switched to a new branch 'main'
2025-10-15T03:24:02.0705583Z branch 'main' set up to track 'origin/main'.
2025-10-15T03:24:02.0710931Z ##[endgroup]
2025-10-15T03:24:02.0743441Z [command]/usr/bin/git log -1 --format=%H
2025-10-15T03:24:02.0764884Z 08279e63211d6ce545c2dae23b19310593159bb9
2025-10-15T03:24:02.0967453Z ##[group]Run docker/setup-buildx-action@v3
2025-10-15T03:24:02.0968030Z with:
2025-10-15T03:24:02.0968322Z   driver: docker-container
2025-10-15T03:24:02.0968600Z   install: false
2025-10-15T03:24:02.0968931Z   use: true
2025-10-15T03:24:02.0969248Z   keep-state: false
2025-10-15T03:24:02.0969518Z   cache-binary: true
2025-10-15T03:24:02.0969826Z   cleanup: true
2025-10-15T03:24:02.0970097Z env:
2025-10-15T03:24:02.1030910Z   DOCKER_IMAGE_NAME: guestbook-frontend
2025-10-15T03:24:02.1031222Z ##[endgroup]
2025-10-15T03:24:02.4048117Z ##[group]Docker info
2025-10-15T03:24:02.4073807Z [command]/usr/bin/docker version
2025-10-15T03:24:03.5439855Z Client: Docker Engine - Community
2025-10-15T03:24:03.5440438Z  Version:           28.0.4
2025-10-15T03:24:03.5440858Z  API version:       1.48
2025-10-15T03:24:03.5441241Z  Go version:        go1.23.7
2025-10-15T03:24:03.5441602Z  Git commit:        b8034c0
2025-10-15T03:24:03.5441992Z  Built:             Tue Mar 25 15:07:16 2025
2025-10-15T03:24:03.5442515Z  OS/Arch:           linux/amd64
2025-10-15T03:24:03.5442875Z  Context:           default
2025-10-15T03:24:03.5443114Z 
2025-10-15T03:24:03.5443286Z Server: Docker Engine - Community
2025-10-15T03:24:03.5443557Z  Engine:
2025-10-15T03:24:03.5443739Z   Version:          28.0.4
2025-10-15T03:24:03.5443996Z   API version:      1.48 (minimum version 1.24)
2025-10-15T03:24:03.5444269Z   Go version:       go1.23.7
2025-10-15T03:24:03.5444487Z   Git commit:       6430e49
2025-10-15T03:24:03.5444707Z   Built:            Tue Mar 25 15:07:16 2025
2025-10-15T03:24:03.5444951Z   OS/Arch:          linux/amd64
2025-10-15T03:24:03.5445173Z   Experimental:     false
2025-10-15T03:24:03.5445396Z  containerd:
2025-10-15T03:24:03.5445566Z   Version:          v1.7.28
2025-10-15T03:24:03.5445833Z   GitCommit:        b98a3aace656320842a23f4a392a33f46af97866
2025-10-15T03:24:03.5446118Z  runc:
2025-10-15T03:24:03.5446293Z   Version:          1.3.0
2025-10-15T03:24:03.5446526Z   GitCommit:        v1.3.0-0-g4ca628d1
2025-10-15T03:24:03.5447421Z  docker-init:
2025-10-15T03:24:03.5447765Z   Version:          0.19.0
2025-10-15T03:24:03.5448145Z   GitCommit:        de40ad0
2025-10-15T03:24:03.5490745Z [command]/usr/bin/docker info
2025-10-15T03:24:06.0735531Z Client: Docker Engine - Community
2025-10-15T03:24:06.0736180Z  Version:    28.0.4
2025-10-15T03:24:06.0736552Z  Context:    default
2025-10-15T03:24:06.0737135Z  Debug Mode: false
2025-10-15T03:24:06.0737516Z  Plugins:
2025-10-15T03:24:06.0737888Z   buildx: Docker Buildx (Docker Inc.)
2025-10-15T03:24:06.0738274Z     Version:  v0.28.0
2025-10-15T03:24:06.0738597Z     Path:     /usr/libexec/docker/cli-plugins/docker-buildx
2025-10-15T03:24:06.0739001Z   compose: Docker Compose (Docker Inc.)
2025-10-15T03:24:06.0739311Z     Version:  v2.38.2
2025-10-15T03:24:06.0739632Z     Path:     /usr/libexec/docker/cli-plugins/docker-compose
2025-10-15T03:24:06.0739908Z 
2025-10-15T03:24:06.0739993Z Server:
2025-10-15T03:24:06.0740201Z  Containers: 0
2025-10-15T03:24:06.0740466Z   Running: 0
2025-10-15T03:24:06.0740695Z   Paused: 0
2025-10-15T03:24:06.0740902Z   Stopped: 0
2025-10-15T03:24:06.0741114Z  Images: 0
2025-10-15T03:24:06.0741329Z  Server Version: 28.0.4
2025-10-15T03:24:06.0741585Z  Storage Driver: overlay2
2025-10-15T03:24:06.0741863Z   Backing Filesystem: extfs
2025-10-15T03:24:06.0742142Z   Supports d_type: true
2025-10-15T03:24:06.0742402Z   Using metacopy: false
2025-10-15T03:24:06.0742660Z   Native Overlay Diff: false
2025-10-15T03:24:06.0742937Z   userxattr: false
2025-10-15T03:24:06.0743187Z  Logging Driver: json-file
2025-10-15T03:24:06.0743500Z  Cgroup Driver: systemd
2025-10-15T03:24:06.0743748Z  Cgroup Version: 2
2025-10-15T03:24:06.0743982Z  Plugins:
2025-10-15T03:24:06.0744202Z   Volume: local
2025-10-15T03:24:06.0744476Z   Network: bridge host ipvlan macvlan null overlay
2025-10-15T03:24:06.0744959Z   Log: awslogs fluentd gcplogs gelf journald json-file local splunk syslog
2025-10-15T03:24:06.0745394Z  Swarm: inactive
2025-10-15T03:24:06.0746153Z  Runtimes: io.containerd.runc.v2 runc
2025-10-15T03:24:06.0746474Z  Default Runtime: runc
2025-10-15T03:24:06.0746943Z  Init Binary: docker-init
2025-10-15T03:24:06.0747316Z  containerd version: b98a3aace656320842a23f4a392a33f46af97866
2025-10-15T03:24:06.0747719Z  runc version: v1.3.0-0-g4ca628d1
2025-10-15T03:24:06.0748007Z  init version: de40ad0
2025-10-15T03:24:06.0748255Z  Security Options:
2025-10-15T03:24:06.0748483Z   apparmor
2025-10-15T03:24:06.0748689Z   seccomp
2025-10-15T03:24:06.0748891Z    Profile: builtin
2025-10-15T03:24:06.0749118Z   cgroupns
2025-10-15T03:24:06.0749341Z  Kernel Version: 6.11.0-1018-azure
2025-10-15T03:24:06.0749650Z  Operating System: Ubuntu 24.04.3 LTS
2025-10-15T03:24:06.0749944Z  OSType: linux
2025-10-15T03:24:06.0750174Z  Architecture: x86_64
2025-10-15T03:24:06.0750413Z  CPUs: 4
2025-10-15T03:24:06.0750621Z  Total Memory: 15.62GiB
2025-10-15T03:24:06.0750880Z  Name: runnervmwhb2z
2025-10-15T03:24:06.0751146Z  ID: ac1187db-1850-4397-a0f7-3b6e6ef293d6
2025-10-15T03:24:06.0751485Z  Docker Root Dir: /var/lib/docker
2025-10-15T03:24:06.0751766Z  Debug Mode: false
2025-10-15T03:24:06.0752007Z  Username: githubactions
2025-10-15T03:24:06.0752271Z  Experimental: false
2025-10-15T03:24:06.0752523Z  Insecure Registries:
2025-10-15T03:24:06.0756294Z   ::1/128
2025-10-15T03:24:06.0756493Z   127.0.0.0/8
2025-10-15T03:24:06.0756920Z  Live Restore Enabled: false
2025-10-15T03:24:06.0757082Z 
2025-10-15T03:24:06.0760537Z ##[endgroup]
2025-10-15T03:24:06.1679745Z ##[group]Buildx version
2025-10-15T03:24:06.1701108Z [command]/usr/bin/docker buildx version
2025-10-15T03:24:06.2575515Z github.com/docker/buildx v0.28.0 b1281b81bba797b21d9eaf256e6a13eb14419836
2025-10-15T03:24:06.2608887Z ##[endgroup]
2025-10-15T03:24:06.2761048Z ##[group]Inspecting default docker context
2025-10-15T03:24:06.2949972Z [
2025-10-15T03:24:06.2950321Z   {
2025-10-15T03:24:06.2950619Z     "Name": "default",
2025-10-15T03:24:06.2951020Z     "Metadata": {},
2025-10-15T03:24:06.2951363Z     "Endpoints": {
2025-10-15T03:24:06.2951734Z       "docker": {
2025-10-15T03:24:06.2952117Z         "Host": "unix:///var/run/docker.sock",
2025-10-15T03:24:06.2952590Z         "SkipTLSVerify": false
2025-10-15T03:24:06.2952984Z       }
2025-10-15T03:24:06.2953272Z     },
2025-10-15T03:24:06.2953583Z     "TLSMaterial": {},
2025-10-15T03:24:06.2953936Z     "Storage": {
2025-10-15T03:24:06.2954274Z       "MetadataPath": "<IN MEMORY>",
2025-10-15T03:24:06.2954738Z       "TLSPath": "<IN MEMORY>"
2025-10-15T03:24:06.2955128Z     }
2025-10-15T03:24:06.2955425Z   }
2025-10-15T03:24:06.2955703Z ]
2025-10-15T03:24:06.2956368Z ##[endgroup]
2025-10-15T03:24:06.2957284Z ##[group]Creating a new builder instance
2025-10-15T03:24:06.4365248Z [command]/usr/bin/docker buildx create --name builder-c006cf88-d89f-43d5-9a05-f9a169ce1cba --driver docker-container --buildkitd-flags --allow-insecure-entitlement security.insecure --allow-insecure-entitlement network.host --use
2025-10-15T03:24:06.5244105Z builder-c006cf88-d89f-43d5-9a05-f9a169ce1cba
2025-10-15T03:24:06.5279814Z ##[endgroup]
2025-10-15T03:24:06.5280444Z ##[group]Booting builder
2025-10-15T03:24:06.5309477Z [command]/usr/bin/docker buildx inspect --bootstrap --builder builder-c006cf88-d89f-43d5-9a05-f9a169ce1cba
2025-10-15T03:24:06.5908045Z #1 [internal] booting buildkit
2025-10-15T03:24:06.7411408Z #1 pulling image moby/buildkit:buildx-stable-1
2025-10-15T03:24:10.7496422Z #1 pulling image moby/buildkit:buildx-stable-1 4.2s done
2025-10-15T03:24:10.9002410Z #1 creating container buildx_buildkit_builder-c006cf88-d89f-43d5-9a05-f9a169ce1cba0
2025-10-15T03:24:11.0302992Z #1 creating container buildx_buildkit_builder-c006cf88-d89f-43d5-9a05-f9a169ce1cba0 0.3s done
2025-10-15T03:24:11.0358945Z #1 DONE 4.4s
2025-10-15T03:24:11.0689368Z Name:          builder-c006cf88-d89f-43d5-9a05-f9a169ce1cba
2025-10-15T03:24:11.0689939Z Driver:        docker-container
2025-10-15T03:24:11.0690341Z Last Activity: 2025-10-15 03:24:06 +0000 UTC
2025-10-15T03:24:11.0690655Z 
2025-10-15T03:24:11.0691159Z Nodes:
2025-10-15T03:24:11.0691801Z Name:                  builder-c006cf88-d89f-43d5-9a05-f9a169ce1cba0
2025-10-15T03:24:11.0692372Z Endpoint:              unix:///var/run/docker.sock
2025-10-15T03:24:11.0692830Z Status:                running
2025-10-15T03:24:11.0693653Z BuildKit daemon flags: --allow-insecure-entitlement security.insecure --allow-insecure-entitlement network.host
2025-10-15T03:24:11.0694500Z BuildKit version:      v0.25.1
2025-10-15T03:24:11.0695013Z Platforms:             linux/amd64, linux/amd64/v2, linux/amd64/v3, linux/386
2025-10-15T03:24:11.0695551Z Labels:
2025-10-15T03:24:11.0695928Z  org.mobyproject.buildkit.worker.executor:         oci
2025-10-15T03:24:11.0696456Z  org.mobyproject.buildkit.worker.hostname:         30f8c0981017
2025-10-15T03:24:11.0697193Z  org.mobyproject.buildkit.worker.network:          host
2025-10-15T03:24:11.0697595Z  org.mobyproject.buildkit.worker.oci.process-mode: sandbox
2025-10-15T03:24:11.0698007Z  org.mobyproject.buildkit.worker.selinux.enabled:  false
2025-10-15T03:24:11.0698417Z  org.mobyproject.buildkit.worker.snapshotter:      overlayfs
2025-10-15T03:24:11.0698732Z GC Policy rule#0:
2025-10-15T03:24:11.0698920Z  All:            false
2025-10-15T03:24:11.0699225Z  Filters:        type==source.local,type==exec.cachemount,type==source.git.checkout
2025-10-15T03:24:11.0699584Z  Keep Duration:  48h0m0s
2025-10-15T03:24:11.0699792Z  Max Used Space: 488.3MiB
2025-10-15T03:24:11.0699989Z GC Policy rule#1:
2025-10-15T03:24:11.0700163Z  All:            false
2025-10-15T03:24:11.0700354Z  Keep Duration:  1440h0m0s
2025-10-15T03:24:11.0700557Z  Reserved Space: 7.451GiB
2025-10-15T03:24:11.0700749Z  Max Used Space: 54.02GiB
2025-10-15T03:24:11.0700942Z  Min Free Space: 13.97GiB
2025-10-15T03:24:11.0701127Z GC Policy rule#2:
2025-10-15T03:24:11.0701300Z  All:            false
2025-10-15T03:24:11.0701483Z  Reserved Space: 7.451GiB
2025-10-15T03:24:11.0701676Z  Max Used Space: 54.02GiB
2025-10-15T03:24:11.0701877Z  Min Free Space: 13.97GiB
2025-10-15T03:24:11.0702072Z GC Policy rule#3:
2025-10-15T03:24:11.0702243Z  All:            true
2025-10-15T03:24:11.0702434Z  Reserved Space: 7.451GiB
2025-10-15T03:24:11.0702626Z  Max Used Space: 54.02GiB
2025-10-15T03:24:11.0702812Z  Min Free Space: 13.97GiB
2025-10-15T03:24:11.0737593Z ##[endgroup]
2025-10-15T03:24:11.1625976Z ##[group]Inspect builder
2025-10-15T03:24:11.1629535Z {
2025-10-15T03:24:11.1629839Z   "nodes": [
2025-10-15T03:24:11.1630142Z     {
2025-10-15T03:24:11.1630469Z       "name": "builder-c006cf88-d89f-43d5-9a05-f9a169ce1cba0",
2025-10-15T03:24:11.1630883Z       "endpoint": "unix:///var/run/docker.sock",
2025-10-15T03:24:11.1631201Z       "status": "running",
2025-10-15T03:24:11.1631685Z       "buildkitd-flags": "--allow-insecure-entitlement security.insecure --allow-insecure-entitlement network.host",
2025-10-15T03:24:11.1632177Z       "buildkit": "v0.25.1",
2025-10-15T03:24:11.1632478Z       "platforms": "linux/amd64,linux/amd64/v2,linux/amd64/v3,linux/386",
2025-10-15T03:24:11.1632928Z       "features": {
2025-10-15T03:24:11.1633242Z         "Automatically load images to the Docker Engine image store": true,
2025-10-15T03:24:11.1633579Z         "Cache export": true,
2025-10-15T03:24:11.1633889Z         "Direct push": true,
2025-10-15T03:24:11.1634139Z         "Docker exporter": true,
2025-10-15T03:24:11.1634368Z         "Multi-platform build": true,
2025-10-15T03:24:11.1634611Z         "OCI exporter": true
2025-10-15T03:24:11.1634814Z       },
2025-10-15T03:24:11.1634969Z       "labels": {
2025-10-15T03:24:11.1635211Z         "org.mobyproject.buildkit.worker.executor": "oci",
2025-10-15T03:24:11.1635592Z         "org.mobyproject.buildkit.worker.hostname": "30f8c0981017",
2025-10-15T03:24:11.1636157Z         "org.mobyproject.buildkit.worker.network": "host",
2025-10-15T03:24:11.1636544Z         "org.mobyproject.buildkit.worker.oci.process-mode": "sandbox",
2025-10-15T03:24:11.1637145Z         "org.mobyproject.buildkit.worker.selinux.enabled": "false",
2025-10-15T03:24:11.1637580Z         "org.mobyproject.buildkit.worker.snapshotter": "overlayfs"
2025-10-15T03:24:11.1638373Z       },
2025-10-15T03:24:11.1638544Z       "gcPolicy": [
2025-10-15T03:24:11.1638721Z         {
2025-10-15T03:24:11.1638879Z           "all": false,
2025-10-15T03:24:11.1639067Z           "filter": [
2025-10-15T03:24:11.1639271Z             "type==source.local",
2025-10-15T03:24:11.1639500Z             "type==exec.cachemount",
2025-10-15T03:24:11.1639741Z             "type==source.git.checkout"
2025-10-15T03:24:11.1639965Z           ],
2025-10-15T03:24:11.1640144Z           "keepDuration": "48h0m0s",
2025-10-15T03:24:11.1640370Z           "maxUsedSpace": "488.3MiB"
2025-10-15T03:24:11.1640581Z         },
2025-10-15T03:24:11.1640737Z         {
2025-10-15T03:24:11.1640895Z           "all": false,
2025-10-15T03:24:11.1641111Z           "keepDuration": "1440h0m0s",
2025-10-15T03:24:11.1641349Z           "reservedSpace": "7.451GiB",
2025-10-15T03:24:11.1641614Z           "maxUsedSpace": "54.02GiB",
2025-10-15T03:24:11.1641839Z           "minFreeSpace": "13.97GiB"
2025-10-15T03:24:11.1642051Z         },
2025-10-15T03:24:11.1642201Z         {
2025-10-15T03:24:11.1642357Z           "all": false,
2025-10-15T03:24:11.1642540Z           "reservedSpace": "7.451GiB",
2025-10-15T03:24:11.1642766Z           "maxUsedSpace": "54.02GiB",
2025-10-15T03:24:11.1642992Z           "minFreeSpace": "13.97GiB"
2025-10-15T03:24:11.1643197Z         },
2025-10-15T03:24:11.1643337Z         {
2025-10-15T03:24:11.1643489Z           "all": true,
2025-10-15T03:24:11.1643682Z           "reservedSpace": "7.451GiB",
2025-10-15T03:24:11.1643908Z           "maxUsedSpace": "54.02GiB",
2025-10-15T03:24:11.1644126Z           "minFreeSpace": "13.97GiB"
2025-10-15T03:24:11.1644330Z         }
2025-10-15T03:24:11.1644480Z       ]
2025-10-15T03:24:11.1644623Z     }
2025-10-15T03:24:11.1644767Z   ],
2025-10-15T03:24:11.1644978Z   "name": "builder-c006cf88-d89f-43d5-9a05-f9a169ce1cba",
2025-10-15T03:24:11.1645271Z   "driver": "docker-container",
2025-10-15T03:24:11.1645504Z   "lastActivity": "2025-10-15T03:24:06.000Z"
2025-10-15T03:24:11.1645737Z }
2025-10-15T03:24:11.1646048Z ##[endgroup]
2025-10-15T03:24:11.1646352Z ##[group]BuildKit version
2025-10-15T03:24:11.1646805Z builder-c006cf88-d89f-43d5-9a05-f9a169ce1cba0: v0.25.1
2025-10-15T03:24:11.1647250Z ##[endgroup]
2025-10-15T03:24:11.1765353Z ##[group]Run docker/login-action@v3
2025-10-15T03:24:11.1765620Z with:
2025-10-15T03:24:11.1765900Z   username: ***
2025-10-15T03:24:11.1766176Z   password: ***
2025-10-15T03:24:11.1766362Z   logout: true
2025-10-15T03:24:11.1766530Z env:
2025-10-15T03:24:11.1766871Z   DOCKER_IMAGE_NAME: guestbook-frontend
2025-10-15T03:24:11.1767119Z ##[endgroup]
2025-10-15T03:24:11.4688922Z Logging into docker.io...
2025-10-15T03:24:12.0875114Z Login Succeeded!
2025-10-15T03:24:12.1041204Z ##[group]Run docker/build-push-action@v5
2025-10-15T03:24:12.1041481Z with:
2025-10-15T03:24:12.1041644Z   context: .
2025-10-15T03:24:12.1041817Z   push: true
2025-10-15T03:24:12.1042204Z   tags: ***/guestbook-frontend:08279e63211d6ce545c2dae23b19310593159bb9
2025-10-15T03:24:12.1042543Z   load: false
2025-10-15T03:24:12.1042713Z   no-cache: false
2025-10-15T03:24:12.1042895Z   pull: false
2025-10-15T03:24:12.1043173Z   github-token: ***
2025-10-15T03:24:12.1043358Z env:
2025-10-15T03:24:12.1043542Z   DOCKER_IMAGE_NAME: guestbook-frontend
2025-10-15T03:24:12.1043783Z ##[endgroup]
2025-10-15T03:24:12.3219304Z ##[group]GitHub Actions runtime token ACs
2025-10-15T03:24:12.3229709Z refs/heads/main: read/write
2025-10-15T03:24:12.3230831Z ##[endgroup]
2025-10-15T03:24:12.3231568Z ##[group]Docker info
2025-10-15T03:24:12.3276932Z [command]/usr/bin/docker version
2025-10-15T03:24:12.3485398Z Client: Docker Engine - Community
2025-10-15T03:24:12.3487369Z  Version:           28.0.4
2025-10-15T03:24:12.3487861Z  API version:       1.48
2025-10-15T03:24:12.3489136Z  Go version:        go1.23.7
2025-10-15T03:24:12.3489524Z  Git commit:        b8034c0
2025-10-15T03:24:12.3489924Z  Built:             Tue Mar 25 15:07:16 2025
2025-10-15T03:24:12.3490621Z  OS/Arch:           linux/amd64
2025-10-15T03:24:12.3490849Z  Context:           default
2025-10-15T03:24:12.3490993Z 
2025-10-15T03:24:12.3491091Z Server: Docker Engine - Community
2025-10-15T03:24:12.3491318Z  Engine:
2025-10-15T03:24:12.3491491Z   Version:          28.0.4
2025-10-15T03:24:12.3491724Z   API version:      1.48 (minimum version 1.24)
2025-10-15T03:24:12.3491987Z   Go version:       go1.23.7
2025-10-15T03:24:12.3492202Z   Git commit:       6430e49
2025-10-15T03:24:12.3492418Z   Built:            Tue Mar 25 15:07:16 2025
2025-10-15T03:24:12.3492666Z   OS/Arch:          linux/amd64
2025-10-15T03:24:12.3492896Z   Experimental:     false
2025-10-15T03:24:12.3493103Z  containerd:
2025-10-15T03:24:12.3493273Z   Version:          v1.7.28
2025-10-15T03:24:12.3493545Z   GitCommit:        b98a3aace656320842a23f4a392a33f46af97866
2025-10-15T03:24:12.3493826Z  runc:
2025-10-15T03:24:12.3493995Z   Version:          1.3.0
2025-10-15T03:24:12.3494197Z   GitCommit:        v1.3.0-0-g4ca628d1
2025-10-15T03:24:12.3494437Z  docker-init:
2025-10-15T03:24:12.3494616Z   Version:          0.19.0
2025-10-15T03:24:12.3494813Z   GitCommit:        de40ad0
2025-10-15T03:24:12.3540391Z [command]/usr/bin/docker info
2025-10-15T03:24:12.4002562Z Client: Docker Engine - Community
2025-10-15T03:24:12.4003164Z  Version:    28.0.4
2025-10-15T03:24:12.4003585Z  Context:    default
2025-10-15T03:24:12.4004361Z  Debug Mode: false
2025-10-15T03:24:12.4004708Z  Plugins:
2025-10-15T03:24:12.4005053Z   buildx: Docker Buildx (Docker Inc.)
2025-10-15T03:24:12.4005507Z     Version:  v0.28.0
2025-10-15T03:24:12.4005811Z     Path:     /usr/libexec/docker/cli-plugins/docker-buildx
2025-10-15T03:24:12.4006128Z   compose: Docker Compose (Docker Inc.)
2025-10-15T03:24:12.4006391Z     Version:  v2.38.2
2025-10-15T03:24:12.4006876Z     Path:     /usr/libexec/docker/cli-plugins/docker-compose
2025-10-15T03:24:12.4007124Z 
2025-10-15T03:24:12.4007191Z Server:
2025-10-15T03:24:12.4007354Z  Containers: 1
2025-10-15T03:24:12.4007530Z   Running: 1
2025-10-15T03:24:12.4007705Z   Paused: 0
2025-10-15T03:24:12.4007861Z   Stopped: 0
2025-10-15T03:24:12.4008020Z  Images: 1
2025-10-15T03:24:12.4008190Z  Server Version: 28.0.4
2025-10-15T03:24:12.4008391Z  Storage Driver: overlay2
2025-10-15T03:24:12.4008601Z   Backing Filesystem: extfs
2025-10-15T03:24:12.4008817Z   Supports d_type: true
2025-10-15T03:24:12.4009010Z   Using metacopy: false
2025-10-15T03:24:12.4009201Z   Native Overlay Diff: false
2025-10-15T03:24:12.4009434Z   userxattr: false
2025-10-15T03:24:12.4009625Z  Logging Driver: json-file
2025-10-15T03:24:12.4009835Z  Cgroup Driver: systemd
2025-10-15T03:24:12.4010020Z  Cgroup Version: 2
2025-10-15T03:24:12.4010199Z  Plugins:
2025-10-15T03:24:12.4010362Z   Volume: local
2025-10-15T03:24:12.4010922Z   Network: bridge host ipvlan macvlan null overlay
2025-10-15T03:24:12.4011313Z   Log: awslogs fluentd gcplogs gelf journald json-file local splunk syslog
2025-10-15T03:24:12.4011651Z  Swarm: inactive
2025-10-15T03:24:12.4011852Z  Runtimes: io.containerd.runc.v2 runc
2025-10-15T03:24:12.4012108Z  Default Runtime: runc
2025-10-15T03:24:12.4012305Z  Init Binary: docker-init
2025-10-15T03:24:12.4012578Z  containerd version: b98a3aace656320842a23f4a392a33f46af97866
2025-10-15T03:24:12.4012893Z  runc version: v1.3.0-0-g4ca628d1
2025-10-15T03:24:12.4013124Z  init version: de40ad0
2025-10-15T03:24:12.4013317Z  Security Options:
2025-10-15T03:24:12.4013502Z   apparmor
2025-10-15T03:24:12.4013662Z   seccomp
2025-10-15T03:24:12.4013822Z    Profile: builtin
2025-10-15T03:24:12.4014001Z   cgroupns
2025-10-15T03:24:12.4014177Z  Kernel Version: 6.11.0-1018-azure
2025-10-15T03:24:12.4014422Z  Operating System: Ubuntu 24.04.3 LTS
2025-10-15T03:24:12.4014650Z  OSType: linux
2025-10-15T03:24:12.4014843Z  Architecture: x86_64
2025-10-15T03:24:12.4015031Z  CPUs: 4
2025-10-15T03:24:12.4015196Z  Total Memory: 15.62GiB
2025-10-15T03:24:12.4015390Z  Name: runnervmwhb2z
2025-10-15T03:24:12.4015597Z  ID: ac1187db-1850-4397-a0f7-3b6e6ef293d6
2025-10-15T03:24:12.4015847Z  Docker Root Dir: /var/lib/docker
2025-10-15T03:24:12.4017041Z  Debug Mode: false
2025-10-15T03:24:12.4018084Z  Username: ***
2025-10-15T03:24:12.4018477Z  Experimental: false
2025-10-15T03:24:12.4018855Z  Insecure Registries:
2025-10-15T03:24:12.4019226Z   ::1/128
2025-10-15T03:24:12.4019511Z   127.0.0.0/8
2025-10-15T03:24:12.4019829Z  Live Restore Enabled: false
2025-10-15T03:24:12.4020072Z 
2025-10-15T03:24:12.4021991Z ##[endgroup]
2025-10-15T03:24:12.4022651Z ##[group]Proxy configuration
2025-10-15T03:24:12.4026220Z No proxy configuration found
2025-10-15T03:24:12.4027185Z ##[endgroup]
2025-10-15T03:24:12.4586045Z ##[group]Buildx version
2025-10-15T03:24:12.4606317Z [command]/usr/bin/docker buildx version
2025-10-15T03:24:12.5080281Z github.com/docker/buildx v0.28.0 b1281b81bba797b21d9eaf256e6a13eb14419836
2025-10-15T03:24:12.5112680Z ##[endgroup]
2025-10-15T03:24:12.5113044Z ##[group]Builder info
2025-10-15T03:24:12.5973603Z {
2025-10-15T03:24:12.5973951Z   "nodes": [
2025-10-15T03:24:12.5974204Z     {
2025-10-15T03:24:12.5974506Z       "name": "builder-c006cf88-d89f-43d5-9a05-f9a169ce1cba0",
2025-10-15T03:24:12.5974865Z       "endpoint": "unix:///var/run/docker.sock",
2025-10-15T03:24:12.5975148Z       "status": "running",
2025-10-15T03:24:12.5975613Z       "buildkitd-flags": "--allow-insecure-entitlement security.insecure --allow-insecure-entitlement network.host",
2025-10-15T03:24:12.5976096Z       "buildkit": "v0.25.1",
2025-10-15T03:24:12.5976400Z       "platforms": "linux/amd64,linux/amd64/v2,linux/amd64/v3,linux/386",
2025-10-15T03:24:12.5977004Z       "features": {
2025-10-15T03:24:12.5977308Z         "Automatically load images to the Docker Engine image store": true,
2025-10-15T03:24:12.5977643Z         "Cache export": true,
2025-10-15T03:24:12.5977881Z         "Direct push": true,
2025-10-15T03:24:12.5978101Z         "Docker exporter": true,
2025-10-15T03:24:12.5978332Z         "Multi-platform build": true,
2025-10-15T03:24:12.5978574Z         "OCI exporter": true
2025-10-15T03:24:12.5978775Z       },
2025-10-15T03:24:12.5978936Z       "labels": {
2025-10-15T03:24:12.5979178Z         "org.mobyproject.buildkit.worker.executor": "oci",
2025-10-15T03:24:12.5979545Z         "org.mobyproject.buildkit.worker.hostname": "30f8c0981017",
2025-10-15T03:24:12.5979903Z         "org.mobyproject.buildkit.worker.network": "host",
2025-10-15T03:24:12.5980274Z         "org.mobyproject.buildkit.worker.oci.process-mode": "sandbox",
2025-10-15T03:24:12.5980685Z         "org.mobyproject.buildkit.worker.selinux.enabled": "false",
2025-10-15T03:24:12.5981075Z         "org.mobyproject.buildkit.worker.snapshotter": "overlayfs"
2025-10-15T03:24:12.5981383Z       },
2025-10-15T03:24:12.5981538Z       "gcPolicy": [
2025-10-15T03:24:12.5981715Z         {
2025-10-15T03:24:12.5982203Z           "all": false,
2025-10-15T03:24:12.5982412Z           "filter": [
2025-10-15T03:24:12.5982609Z             "type==source.local",
2025-10-15T03:24:12.5982842Z             "type==exec.cachemount",
2025-10-15T03:24:12.5983092Z             "type==source.git.checkout"
2025-10-15T03:24:12.5983330Z           ],
2025-10-15T03:24:12.5983507Z           "keepDuration": "48h0m0s"
2025-10-15T03:24:12.5983720Z         },
2025-10-15T03:24:12.5983872Z         {
2025-10-15T03:24:12.5984022Z           "all": false,
2025-10-15T03:24:12.5984220Z           "keepDuration": "1440h0m0s"
2025-10-15T03:24:12.5984442Z         },
2025-10-15T03:24:12.5984590Z         {
2025-10-15T03:24:12.5984743Z           "all": false
2025-10-15T03:24:12.5985008Z         },
2025-10-15T03:24:12.5985383Z         {
2025-10-15T03:24:12.5985595Z           "all": true
2025-10-15T03:24:12.5985825Z         }
2025-10-15T03:24:12.6003526Z       ]
2025-10-15T03:24:12.6003707Z     }
2025-10-15T03:24:12.6003917Z   ],
2025-10-15T03:24:12.6004278Z   "name": "builder-c006cf88-d89f-43d5-9a05-f9a169ce1cba",
2025-10-15T03:24:12.6004744Z   "driver": "docker-container",
2025-10-15T03:24:12.6005129Z   "lastActivity": "2025-10-15T03:24:06.000Z"
2025-10-15T03:24:12.6005507Z }
2025-10-15T03:24:12.6006136Z ##[endgroup]
2025-10-15T03:24:12.7672142Z [command]/usr/bin/docker buildx build --iidfile /home/runner/work/_temp/docker-actions-toolkit-QjKo2M/build-iidfile-09ac9b3b79.txt --attest type=provenance,mode=max,builder-id=https://github.com/naesman1/guestbook-cicd/actions/runs/18516754050 --tag ***/guestbook-frontend:08279e63211d6ce545c2dae23b19310593159bb9 --metadata-file /home/runner/work/_temp/docker-actions-toolkit-QjKo2M/build-metadata-64c37ad118.json --push .
2025-10-15T03:24:13.0474727Z #0 building with "builder-c006cf88-d89f-43d5-9a05-f9a169ce1cba" instance using docker-container driver
2025-10-15T03:24:13.0475230Z 
2025-10-15T03:24:13.0475360Z #1 [internal] load build definition from Dockerfile
2025-10-15T03:24:13.0475682Z #1 transferring dockerfile: 518B done
2025-10-15T03:24:13.0476071Z #1 WARN: FromAsCasing: 'as' and 'FROM' keywords' casing do not match (line 2)
2025-10-15T03:24:13.0476430Z #1 DONE 0.0s
2025-10-15T03:24:13.0476536Z 
2025-10-15T03:24:13.0476898Z #2 [internal] load metadata for docker.io/library/python:3.11-slim
2025-10-15T03:24:13.2250880Z #2 ...
2025-10-15T03:24:13.2251029Z 
2025-10-15T03:24:13.2251209Z #3 [auth] library/python:pull token for registry-1.docker.io
2025-10-15T03:24:13.2251568Z #3 DONE 0.0s
2025-10-15T03:24:13.3749315Z 
2025-10-15T03:24:13.3749793Z #2 [internal] load metadata for docker.io/library/python:3.11-slim
2025-10-15T03:24:13.7372384Z #2 DONE 0.8s
2025-10-15T03:24:13.9193421Z 
2025-10-15T03:24:13.9193856Z #4 [internal] load .dockerignore
2025-10-15T03:24:13.9194299Z #4 transferring context: 2B done
2025-10-15T03:24:13.9194553Z #4 DONE 0.0s
2025-10-15T03:24:13.9194672Z 
2025-10-15T03:24:13.9194771Z #5 [internal] load build context
2025-10-15T03:24:13.9195227Z #5 transferring context: 4.16kB done
2025-10-15T03:24:13.9195617Z #5 DONE 0.0s
2025-10-15T03:24:13.9195817Z 
2025-10-15T03:24:13.9196284Z #6 [1/6] FROM docker.io/library/python:3.11-slim@sha256:ff8533f48e12b705fc20d339fde2ec61d0b234dd9366bab3bc84d7b70a45c8c0
2025-10-15T03:24:13.9197409Z #6 resolve docker.io/library/python:3.11-slim@sha256:ff8533f48e12b705fc20d339fde2ec61d0b234dd9366bab3bc84d7b70a45c8c0 done
2025-10-15T03:24:13.9216036Z #6 sha256:80061c640d6316e0810fd1007261f33680529077a173449bba4b55579c66db45 0B / 250B 0.2s
2025-10-15T03:24:14.0735662Z #6 sha256:80061c640d6316e0810fd1007261f33680529077a173449bba4b55579c66db45 250B / 250B 0.2s done
2025-10-15T03:24:14.0736980Z #6 sha256:76d93c681ade9d7ff7e4e590094f416d05d02ce51cb023dbb97acd48c3073470 0B / 14.36MB 0.3s
2025-10-15T03:24:14.0737811Z #6 sha256:c72c567266265eaf3c81cecf291e32dc35cb03f44a34cc37c4bb2c3f1ca6741c 0B / 4.25MB 0.2s
2025-10-15T03:24:14.0738900Z #6 sha256:8c7716127147648c1751940b9709b6325f2256290d3201662eca2701cadb2cdf 0B / 29.78MB 0.2s
2025-10-15T03:24:14.2146935Z #6 sha256:c72c567266265eaf3c81cecf291e32dc35cb03f44a34cc37c4bb2c3f1ca6741c 4.25MB / 4.25MB 0.4s done
2025-10-15T03:24:14.3742249Z #6 sha256:76d93c681ade9d7ff7e4e590094f416d05d02ce51cb023dbb97acd48c3073470 10.49MB / 14.36MB 0.6s
2025-10-15T03:24:14.3743460Z #6 sha256:8c7716127147648c1751940b9709b6325f2256290d3201662eca2701cadb2cdf 2.10MB / 29.78MB 0.5s
2025-10-15T03:24:14.4862184Z #6 sha256:76d93c681ade9d7ff7e4e590094f416d05d02ce51cb023dbb97acd48c3073470 14.36MB / 14.36MB 0.7s done
2025-10-15T03:24:14.4863390Z #6 sha256:8c7716127147648c1751940b9709b6325f2256290d3201662eca2701cadb2cdf 5.24MB / 29.78MB 0.6s
2025-10-15T03:24:14.6780889Z #6 sha256:8c7716127147648c1751940b9709b6325f2256290d3201662eca2701cadb2cdf 16.78MB / 29.78MB 0.9s
2025-10-15T03:24:14.8274016Z #6 sha256:8c7716127147648c1751940b9709b6325f2256290d3201662eca2701cadb2cdf 20.97MB / 29.78MB 1.1s
2025-10-15T03:24:14.9775681Z #6 sha256:8c7716127147648c1751940b9709b6325f2256290d3201662eca2701cadb2cdf 27.26MB / 29.78MB 1.2s
2025-10-15T03:24:15.1235837Z #6 sha256:8c7716127147648c1751940b9709b6325f2256290d3201662eca2701cadb2cdf 29.78MB / 29.78MB 1.3s done
2025-10-15T03:24:15.2757352Z #6 extracting sha256:8c7716127147648c1751940b9709b6325f2256290d3201662eca2701cadb2cdf
2025-10-15T03:24:15.7687681Z #6 extracting sha256:8c7716127147648c1751940b9709b6325f2256290d3201662eca2701cadb2cdf 0.6s done
2025-10-15T03:24:15.7689031Z #6 DONE 2.0s
2025-10-15T03:24:15.8727231Z 
2025-10-15T03:24:15.8728201Z #6 [1/6] FROM docker.io/library/python:3.11-slim@sha256:ff8533f48e12b705fc20d339fde2ec61d0b234dd9366bab3bc84d7b70a45c8c0
2025-10-15T03:24:15.8729400Z #6 extracting sha256:c72c567266265eaf3c81cecf291e32dc35cb03f44a34cc37c4bb2c3f1ca6741c 0.1s done
2025-10-15T03:24:15.8730121Z #6 DONE 2.1s
2025-10-15T03:24:16.0237339Z 
2025-10-15T03:24:16.0238124Z #6 [1/6] FROM docker.io/library/python:3.11-slim@sha256:ff8533f48e12b705fc20d339fde2ec61d0b234dd9366bab3bc84d7b70a45c8c0
2025-10-15T03:24:16.0239140Z #6 extracting sha256:76d93c681ade9d7ff7e4e590094f416d05d02ce51cb023dbb97acd48c3073470
2025-10-15T03:24:16.3267387Z #6 extracting sha256:76d93c681ade9d7ff7e4e590094f416d05d02ce51cb023dbb97acd48c3073470 0.5s done
2025-10-15T03:24:16.3268205Z #6 DONE 2.6s
2025-10-15T03:24:16.4270646Z 
2025-10-15T03:24:16.4271700Z #6 [1/6] FROM docker.io/library/python:3.11-slim@sha256:ff8533f48e12b705fc20d339fde2ec61d0b234dd9366bab3bc84d7b70a45c8c0
2025-10-15T03:24:16.4272976Z #6 extracting sha256:80061c640d6316e0810fd1007261f33680529077a173449bba4b55579c66db45 done
2025-10-15T03:24:16.4273643Z #6 DONE 2.6s
2025-10-15T03:24:16.4273810Z 
2025-10-15T03:24:16.4273958Z #7 [2/6] WORKDIR /app
2025-10-15T03:24:16.4274304Z #7 DONE 0.1s
2025-10-15T03:24:16.4274494Z 
2025-10-15T03:24:16.4274647Z #8 [3/6] COPY requirements.txt .
2025-10-15T03:24:16.4275051Z #8 DONE 0.0s
2025-10-15T03:24:16.5786236Z 
2025-10-15T03:24:16.5787026Z #9 [4/6] RUN pip install --no-cache-dir -r requirements.txt
2025-10-15T03:24:17.8802798Z #9 1.452 Collecting Flask==3.0.3 (from -r requirements.txt (line 1))
2025-10-15T03:24:18.0130158Z #9 1.516   Downloading flask-3.0.3-py3-none-any.whl.metadata (3.2 kB)
2025-10-15T03:24:18.0130972Z #9 1.585 Collecting redis==5.0.3 (from -r requirements.txt (line 2))
2025-10-15T03:24:18.1312434Z #9 1.607   Downloading redis-5.0.3-py3-none-any.whl.metadata (9.3 kB)
2025-10-15T03:24:18.1312947Z #9 1.684 Collecting pytest==8.2.0 (from -r requirements.txt (line 3))
2025-10-15T03:24:18.1313516Z #9 1.703   Downloading pytest-8.2.0-py3-none-any.whl.metadata (7.5 kB)
2025-10-15T03:24:18.2390588Z #9 1.756 Collecting Werkzeug>=3.0.0 (from Flask==3.0.3->-r requirements.txt (line 1))
2025-10-15T03:24:18.2391891Z #9 1.775   Downloading werkzeug-3.1.3-py3-none-any.whl.metadata (3.7 kB)
2025-10-15T03:24:18.2393023Z #9 1.811 Collecting Jinja2>=3.1.2 (from Flask==3.0.3->-r requirements.txt (line 1))
2025-10-15T03:24:18.3447718Z #9 1.830   Downloading jinja2-3.1.6-py3-none-any.whl.metadata (2.9 kB)
2025-10-15T03:24:18.3448475Z #9 1.860 Collecting itsdangerous>=2.1.2 (from Flask==3.0.3->-r requirements.txt (line 1))
2025-10-15T03:24:18.3449358Z #9 1.879   Downloading itsdangerous-2.2.0-py3-none-any.whl.metadata (1.9 kB)
2025-10-15T03:24:18.3449933Z #9 1.917 Collecting click>=8.1.3 (from Flask==3.0.3->-r requirements.txt (line 1))
2025-10-15T03:24:18.4494815Z #9 1.935   Downloading click-8.3.0-py3-none-any.whl.metadata (2.6 kB)
2025-10-15T03:24:18.4495928Z #9 1.965 Collecting blinker>=1.6.2 (from Flask==3.0.3->-r requirements.txt (line 1))
2025-10-15T03:24:18.4497216Z #9 1.984   Downloading blinker-1.9.0-py3-none-any.whl.metadata (1.6 kB)
2025-10-15T03:24:18.4497923Z #9 2.022 Collecting iniconfig (from pytest==8.2.0->-r requirements.txt (line 3))
2025-10-15T03:24:18.5580884Z #9 2.040   Downloading iniconfig-2.1.0-py3-none-any.whl.metadata (2.7 kB)
2025-10-15T03:24:18.5582250Z #9 2.079 Collecting packaging (from pytest==8.2.0->-r requirements.txt (line 3))
2025-10-15T03:24:18.5583193Z #9 2.097   Downloading packaging-25.0-py3-none-any.whl.metadata (3.3 kB)
2025-10-15T03:24:18.5583912Z #9 2.130 Collecting pluggy<2.0,>=1.5 (from pytest==8.2.0->-r requirements.txt (line 3))
2025-10-15T03:24:18.6644395Z #9 2.150   Downloading pluggy-1.6.0-py3-none-any.whl.metadata (4.8 kB)
2025-10-15T03:24:18.6645775Z #9 2.237 Collecting MarkupSafe>=2.0 (from Jinja2>=3.1.2->Flask==3.0.3->-r requirements.txt (line 1))
2025-10-15T03:24:18.7698554Z #9 2.255   Downloading markupsafe-3.0.3-cp311-cp311-manylinux2014_x86_64.manylinux_2_17_x86_64.manylinux_2_28_x86_64.whl.metadata (2.7 kB)
2025-10-15T03:24:18.7699685Z #9 2.289 Downloading flask-3.0.3-py3-none-any.whl (101 kB)
2025-10-15T03:24:18.7700407Z #9 2.316    ━━━━━━━━━━━━━━━━━━━━━━━━━━━━━━━━━━━━━━━━ 101.7/101.7 kB 3.9 MB/s eta 0:00:00
2025-10-15T03:24:18.7700839Z #9 2.342 Downloading redis-5.0.3-py3-none-any.whl (251 kB)
2025-10-15T03:24:18.8809013Z #9 2.363    ━━━━━━━━━━━━━━━━━━━━━━━━━━━━━━━━━━━━━━━━ 251.8/251.8 kB 12.5 MB/s eta 0:00:00
2025-10-15T03:24:18.8809607Z #9 2.383 Downloading pytest-8.2.0-py3-none-any.whl (339 kB)
2025-10-15T03:24:18.8810164Z #9 2.390    ━━━━━━━━━━━━━━━━━━━━━━━━━━━━━━━━━━━━━━━━ 339.2/339.2 kB 61.2 MB/s eta 0:00:00
2025-10-15T03:24:18.8810635Z #9 2.410 Downloading blinker-1.9.0-py3-none-any.whl (8.5 kB)
2025-10-15T03:24:18.8811057Z #9 2.428 Downloading click-8.3.0-py3-none-any.whl (107 kB)
2025-10-15T03:24:18.8811552Z #9 2.431    ━━━━━━━━━━━━━━━━━━━━━━━━━━━━━━━━━━━━━━━ 107.3/107.3 kB 306.8 MB/s eta 0:00:00
2025-10-15T03:24:18.8812005Z #9 2.453 Downloading itsdangerous-2.2.0-py3-none-any.whl (16 kB)
2025-10-15T03:24:18.9859210Z #9 2.473 Downloading jinja2-3.1.6-py3-none-any.whl (134 kB)
2025-10-15T03:24:18.9860164Z #9 2.475    ━━━━━━━━━━━━━━━━━━━━━━━━━━━━━━━━━━━━━━━ 134.9/134.9 kB 279.0 MB/s eta 0:00:00
2025-10-15T03:24:18.9860837Z #9 2.494 Downloading pluggy-1.6.0-py3-none-any.whl (20 kB)
2025-10-15T03:24:18.9861283Z #9 2.513 Downloading werkzeug-3.1.3-py3-none-any.whl (224 kB)
2025-10-15T03:24:18.9861819Z #9 2.517    ━━━━━━━━━━━━━━━━━━━━━━━━━━━━━━━━━━━━━━━ 224.5/224.5 kB 127.8 MB/s eta 0:00:00
2025-10-15T03:24:18.9862247Z #9 2.538 Downloading iniconfig-2.1.0-py3-none-any.whl (6.0 kB)
2025-10-15T03:24:18.9862700Z #9 2.558 Downloading packaging-25.0-py3-none-any.whl (66 kB)
2025-10-15T03:24:19.0927582Z #9 2.560    ━━━━━━━━━━━━━━━━━━━━━━━━━━━━━━━━━━━━━━━━ 66.5/66.5 kB 178.2 MB/s eta 0:00:00
2025-10-15T03:24:19.0928693Z #9 2.579 Downloading markupsafe-3.0.3-cp311-cp311-manylinux2014_x86_64.manylinux_2_17_x86_64.manylinux_2_28_x86_64.whl (22 kB)
2025-10-15T03:24:19.0930211Z #9 2.665 Installing collected packages: redis, pluggy, packaging, MarkupSafe, itsdangerous, iniconfig, click, blinker, Werkzeug, pytest, Jinja2, Flask
2025-10-15T03:24:19.7797249Z #9 3.352 Successfully installed Flask-3.0.3 Jinja2-3.1.6 MarkupSafe-3.0.3 Werkzeug-3.1.3 blinker-1.9.0 click-8.3.0 iniconfig-2.1.0 itsdangerous-2.2.0 packaging-25.0 pluggy-1.6.0 pytest-8.2.0 redis-5.0.3
2025-10-15T03:24:19.8979857Z #9 3.352 WARNING: Running pip as the 'root' user can result in broken permissions and conflicting behaviour with the system package manager. It is recommended to use a virtual environment instead: https://pip.pypa.io/warnings/venv
2025-10-15T03:24:19.8981346Z #9 3.470 
2025-10-15T03:24:19.8982208Z #9 3.470 [notice] A new release of pip is available: 24.0 -> 25.2
2025-10-15T03:24:19.8982867Z #9 3.470 [notice] To update, run: pip install --upgrade pip
2025-10-15T03:24:20.0052724Z #9 DONE 3.6s
2025-10-15T03:24:20.2012703Z 
2025-10-15T03:24:20.2013145Z #10 [5/6] COPY app/ /app/app
2025-10-15T03:24:20.2013560Z #10 DONE 0.0s
2025-10-15T03:24:20.2013714Z 
2025-10-15T03:24:20.2013815Z #11 [6/6] COPY tests/ /app/tests
2025-10-15T03:24:20.2014057Z #11 DONE 0.0s
2025-10-15T03:24:20.2014173Z 
2025-10-15T03:24:20.2014263Z #12 exporting to image
2025-10-15T03:24:20.2014487Z #12 exporting layers
2025-10-15T03:24:20.8506223Z #12 exporting layers 0.8s done
2025-10-15T03:24:21.0723880Z #12 ...
2025-10-15T03:24:21.0724159Z 
2025-10-15T03:24:21.0724766Z #13 [auth] ***/guestbook-frontend:pull,push token for registry-1.docker.io
2025-10-15T03:24:21.0725215Z #13 DONE 0.0s
2025-10-15T03:24:21.0725349Z 
2025-10-15T03:24:21.0725451Z #12 exporting to image
2025-10-15T03:24:21.0725960Z #12 exporting manifest sha256:e5f40a67e8a55883d89bb65102bc7a1982aab833f4097b2dd6ea90bb03eb25d8 done
2025-10-15T03:24:21.0726950Z #12 exporting config sha256:c310ab68b9bf06bfe439455bc7bc8c56e1e5970599bea76b2755e099a8cc9fe5 done
2025-10-15T03:24:21.0727774Z #12 exporting attestation manifest sha256:24f9034819b31e1442e3ce590083bf06e8050386bfda48f7c4d446375c8c6518 done
2025-10-15T03:24:21.0728921Z #12 exporting manifest list sha256:e16cf9aca5694a5f4c7a3ff9004cb58a097dc6b11aaa500b8ba42ba21e777a31 done
2025-10-15T03:24:21.0729480Z #12 pushing layers
2025-10-15T03:24:24.8947899Z #12 pushing layers 4.0s done
2025-10-15T03:24:24.8949235Z #12 pushing manifest for docker.io/***/guestbook-frontend:08279e63211d6ce545c2dae23b19310593159bb9@sha256:e16cf9aca5694a5f4c7a3ff9004cb58a097dc6b11aaa500b8ba42ba21e777a31
2025-10-15T03:24:27.8386271Z #12 pushing manifest for docker.io/***/guestbook-frontend:08279e63211d6ce545c2dae23b19310593159bb9@sha256:e16cf9aca5694a5f4c7a3ff9004cb58a097dc6b11aaa500b8ba42ba21e777a31 2.9s done
2025-10-15T03:24:27.8387886Z #12 DONE 7.8s
2025-10-15T03:24:27.8605640Z 
2025-10-15T03:24:27.8606000Z #14 resolving provenance for metadata file
2025-10-15T03:24:27.8606332Z #14 DONE 0.0s
2025-10-15T03:24:27.8607434Z 
2025-10-15T03:24:27.8607905Z  [33m1 warning found (use docker --debug to expand):
2025-10-15T03:24:27.8608618Z [0m - FromAsCasing: 'as' and 'FROM' keywords' casing do not match (line 2)
2025-10-15T03:24:27.8678685Z ##[group]ImageID
2025-10-15T03:24:27.8679206Z sha256:e16cf9aca5694a5f4c7a3ff9004cb58a097dc6b11aaa500b8ba42ba21e777a31
2025-10-15T03:24:27.8680577Z ##[endgroup]
2025-10-15T03:24:27.8680897Z ##[group]Digest
2025-10-15T03:24:27.8681298Z sha256:e16cf9aca5694a5f4c7a3ff9004cb58a097dc6b11aaa500b8ba42ba21e777a31
2025-10-15T03:24:27.8682137Z ##[endgroup]
2025-10-15T03:24:27.8683401Z ##[group]Metadata
2025-10-15T03:24:27.8683899Z {
2025-10-15T03:24:27.8684105Z   "buildx.build.provenance": {
2025-10-15T03:24:27.8684338Z     "builder": {
2025-10-15T03:24:27.8684759Z       "id": "https://github.com/naesman1/guestbook-cicd/actions/runs/18516754050"
2025-10-15T03:24:27.8685099Z     },
2025-10-15T03:24:27.8685328Z     "buildType": "https://mobyproject.org/buildkit@v1",
2025-10-15T03:24:27.8685612Z     "materials": [
2025-10-15T03:24:27.8685786Z       {
2025-10-15T03:24:27.8686068Z         "uri": "pkg:docker/python@3.11-slim?platform=linux%2Famd64",
2025-10-15T03:24:27.8686368Z         "digest": {
2025-10-15T03:24:27.8687369Z           "sha256": "ff8533f48e12b705fc20d339fde2ec61d0b234dd9366bab3bc84d7b70a45c8c0"
2025-10-15T03:24:27.8687741Z         }
2025-10-15T03:24:27.8687906Z       }
2025-10-15T03:24:27.8688057Z     ],
2025-10-15T03:24:27.8688215Z     "invocation": {
2025-10-15T03:24:27.8688402Z       "configSource": {
2025-10-15T03:24:27.8688602Z         "entryPoint": "Dockerfile"
2025-10-15T03:24:27.8688816Z       },
2025-10-15T03:24:27.8688978Z       "parameters": {
2025-10-15T03:24:27.8689177Z         "frontend": "dockerfile.v0",
2025-10-15T03:24:27.8689404Z         "locals": [
2025-10-15T03:24:27.8689569Z           {
2025-10-15T03:24:27.8689974Z             "name": "context"
2025-10-15T03:24:27.8690184Z           },
2025-10-15T03:24:27.8690350Z           {
2025-10-15T03:24:27.8690519Z             "name": "dockerfile"
2025-10-15T03:24:27.8690720Z           }
2025-10-15T03:24:27.8690872Z         ]
2025-10-15T03:24:27.8691022Z       },
2025-10-15T03:24:27.8691183Z       "environment": {
2025-10-15T03:24:27.8691376Z         "platform": "linux/amd64"
2025-10-15T03:24:27.8691585Z       }
2025-10-15T03:24:27.8691731Z     }
2025-10-15T03:24:27.8691877Z   },
2025-10-15T03:24:27.8692365Z   "buildx.build.ref": "builder-c006cf88-d89f-43d5-9a05-f9a169ce1cba/builder-c006cf88-d89f-43d5-9a05-f9a169ce1cba0/s0aqt0ar4yv02qm9a98rovc8h",
2025-10-15T03:24:27.8692946Z   "containerimage.descriptor": {
2025-10-15T03:24:27.8693235Z     "mediaType": "application/vnd.oci.image.index.v1+json",
2025-10-15T03:24:27.8693672Z     "digest": "sha256:e16cf9aca5694a5f4c7a3ff9004cb58a097dc6b11aaa500b8ba42ba21e777a31",
2025-10-15T03:24:27.8694036Z     "size": 856
2025-10-15T03:24:27.8694203Z   },
2025-10-15T03:24:27.8694566Z   "containerimage.digest": "sha256:e16cf9aca5694a5f4c7a3ff9004cb58a097dc6b11aaa500b8ba42ba21e777a31",
2025-10-15T03:24:27.8695412Z   "image.name": "***/guestbook-frontend:08279e63211d6ce545c2dae23b19310593159bb9"
2025-10-15T03:24:27.8695934Z }
2025-10-15T03:24:27.8696236Z ##[endgroup]
2025-10-15T03:24:27.8809937Z ##[group]Run actions/checkout@v4
2025-10-15T03:24:27.8810189Z with:
2025-10-15T03:24:27.8810389Z   repository: naesman1/guestbook-k8s-config
2025-10-15T03:24:27.8810776Z   token: ***
2025-10-15T03:24:27.8810962Z   path: config-repo
2025-10-15T03:24:27.8811159Z   ssh-strict: true
2025-10-15T03:24:27.8811339Z   ssh-user: git
2025-10-15T03:24:27.8811525Z   persist-credentials: true
2025-10-15T03:24:27.8811734Z   clean: true
2025-10-15T03:24:27.8811927Z   sparse-checkout-cone-mode: true
2025-10-15T03:24:27.8812153Z   fetch-depth: 1
2025-10-15T03:24:27.8812333Z   fetch-tags: false
2025-10-15T03:24:27.8812520Z   show-progress: true
2025-10-15T03:24:27.8812707Z   lfs: false
2025-10-15T03:24:27.8812869Z   submodules: false
2025-10-15T03:24:27.8813055Z   set-safe-directory: true
2025-10-15T03:24:27.8813256Z env:
2025-10-15T03:24:27.8813435Z   DOCKER_IMAGE_NAME: guestbook-frontend
2025-10-15T03:24:27.8813666Z ##[endgroup]
2025-10-15T03:24:27.9729002Z Syncing repository: naesman1/guestbook-k8s-config
2025-10-15T03:24:27.9735580Z ##[group]Getting Git version info
2025-10-15T03:24:27.9736338Z Working directory is '/home/runner/work/guestbook-cicd/guestbook-cicd/config-repo'
2025-10-15T03:24:27.9777991Z [command]/usr/bin/git version
2025-10-15T03:24:27.9814749Z git version 2.51.0
2025-10-15T03:24:27.9840023Z ##[endgroup]
2025-10-15T03:24:27.9854099Z Temporarily overriding HOME='/home/runner/work/_temp/2b8dcdec-0a36-4f84-8441-71fdbe8dbdc4' before making global git config changes
2025-10-15T03:24:27.9855453Z Adding repository directory to the temporary git global config as a safe directory
2025-10-15T03:24:27.9868432Z [command]/usr/bin/git config --global --add safe.directory /home/runner/work/guestbook-cicd/guestbook-cicd/config-repo
2025-10-15T03:24:27.9900336Z ##[group]Initializing the repository
2025-10-15T03:24:27.9905547Z [command]/usr/bin/git init /home/runner/work/guestbook-cicd/guestbook-cicd/config-repo
2025-10-15T03:24:27.9940861Z hint: Using 'master' as the name for the initial branch. This default branch name
2025-10-15T03:24:27.9941731Z hint: is subject to change. To configure the initial branch name to use in all
2025-10-15T03:24:27.9942514Z hint: of your new repositories, which will suppress this warning, call:
2025-10-15T03:24:27.9943088Z hint:
2025-10-15T03:24:27.9943508Z hint: 	git config --global init.defaultBranch <name>
2025-10-15T03:24:27.9943927Z hint:
2025-10-15T03:24:27.9944215Z hint: Names commonly chosen instead of 'master' are 'main', 'trunk' and
2025-10-15T03:24:27.9944682Z hint: 'development'. The just-created branch can be renamed via this command:
2025-10-15T03:24:27.9945031Z hint:
2025-10-15T03:24:27.9945213Z hint: 	git branch -m <name>
2025-10-15T03:24:27.9945425Z hint:
2025-10-15T03:24:27.9945713Z hint: Disable this message with "git config set advice.defaultBranchName false"
2025-10-15T03:24:27.9946293Z Initialized empty Git repository in /home/runner/work/guestbook-cicd/guestbook-cicd/config-repo/.git/
2025-10-15T03:24:27.9952607Z [command]/usr/bin/git remote add origin https://github.com/naesman1/guestbook-k8s-config
2025-10-15T03:24:27.9980756Z ##[endgroup]
2025-10-15T03:24:27.9981185Z ##[group]Disabling automatic garbage collection
2025-10-15T03:24:27.9985128Z [command]/usr/bin/git config --local gc.auto 0
2025-10-15T03:24:28.0011731Z ##[endgroup]
2025-10-15T03:24:28.0012127Z ##[group]Setting up auth
2025-10-15T03:24:28.0017919Z [command]/usr/bin/git config --local --name-only --get-regexp core\.sshCommand
2025-10-15T03:24:28.0045642Z [command]/usr/bin/git submodule foreach --recursive sh -c "git config --local --name-only --get-regexp 'core\.sshCommand' && git config --local --unset-all 'core.sshCommand' || :"
2025-10-15T03:24:28.0262852Z [command]/usr/bin/git config --local --name-only --get-regexp http\.https\:\/\/github\.com\/\.extraheader
2025-10-15T03:24:28.0291064Z [command]/usr/bin/git submodule foreach --recursive sh -c "git config --local --name-only --get-regexp 'http\.https\:\/\/github\.com\/\.extraheader' && git config --local --unset-all 'http.https://github.com/.extraheader' || :"
2025-10-15T03:24:28.0508221Z [command]/usr/bin/git config --local http.https://github.com/.extraheader AUTHORIZATION: basic ***
2025-10-15T03:24:28.0550417Z ##[endgroup]
2025-10-15T03:24:28.0550843Z ##[group]Determining the default branch
2025-10-15T03:24:28.0553932Z Retrieving the default branch name
2025-10-15T03:24:28.3549457Z Default branch 'main'
2025-10-15T03:24:28.3550576Z ##[endgroup]
2025-10-15T03:24:28.3552979Z ##[group]Fetching the repository
2025-10-15T03:24:28.3558638Z [command]/usr/bin/git -c protocol.version=2 fetch --no-tags --prune --no-recurse-submodules --depth=1 origin +refs/heads/main:refs/remotes/origin/main
2025-10-15T03:24:28.8449975Z From https://github.com/naesman1/guestbook-k8s-config
2025-10-15T03:24:28.8450397Z  * [new branch]      main       -> origin/main
2025-10-15T03:24:28.8477654Z ##[endgroup]
2025-10-15T03:24:28.8478227Z ##[group]Determining the checkout info
2025-10-15T03:24:28.8480235Z ##[endgroup]
2025-10-15T03:24:28.8485169Z [command]/usr/bin/git sparse-checkout disable
2025-10-15T03:24:28.8521841Z [command]/usr/bin/git config --local --unset-all extensions.worktreeConfig
2025-10-15T03:24:28.8549692Z ##[group]Checking out the ref
2025-10-15T03:24:28.8553288Z [command]/usr/bin/git checkout --progress --force -B main refs/remotes/origin/main
2025-10-15T03:24:28.8595012Z Switched to a new branch 'main'
2025-10-15T03:24:28.8598200Z branch 'main' set up to track 'origin/main'.
2025-10-15T03:24:28.8603168Z ##[endgroup]
2025-10-15T03:24:28.8636434Z [command]/usr/bin/git log -1 --format=%H
2025-10-15T03:24:28.8659219Z 90961f095d43a03179abf6231047befd27167359
2025-10-15T03:24:28.8775790Z ##[group]Run cd config-repo
2025-10-15T03:24:28.8776106Z [36;1mcd config-repo[0m
2025-10-15T03:24:28.8776317Z [36;1m[0m
2025-10-15T03:24:28.8776964Z [36;1m# 🚨 ASEGÚRATE DE REEMPLAZAR 'tu-usuario-docker' con tu usuario real[0m
2025-10-15T03:24:28.8777523Z [36;1m# Y que la cadena OLD_IMAGE_TAG coincida con el valor actual en tu k8s/frontend-deployment.yaml[0m
2025-10-15T03:24:28.8778125Z [36;1mOLD_IMAGE_PATTERN="***/guestbook-frontend:LATEST_TAG" [0m
2025-10-15T03:24:28.8778644Z [36;1mNEW_IMAGE_TAG="***/guestbook-frontend:08279e63211d6ce545c2dae23b19310593159bb9"[0m
2025-10-15T03:24:28.8779018Z [36;1m[0m
2025-10-15T03:24:28.8779327Z [36;1msed -i "s|${OLD_IMAGE_PATTERN}|${NEW_IMAGE_TAG}|g" k8s/frontend-deployment.yaml[0m
2025-10-15T03:24:28.8814466Z shell: /usr/bin/bash -e {0}
2025-10-15T03:24:28.8814704Z env:
2025-10-15T03:24:28.8814920Z   DOCKER_IMAGE_NAME: guestbook-frontend
2025-10-15T03:24:28.8815164Z ##[endgroup]
2025-10-15T03:24:28.8921900Z ##[group]Run cd config-repo
2025-10-15T03:24:28.8922182Z [36;1mcd config-repo[0m
2025-10-15T03:24:28.8922442Z [36;1mgit config user.name github-actions[bot][0m
2025-10-15T03:24:28.8922852Z [36;1mgit config user.email 41898282+github-actions[bot]@users.noreply.github.com[0m
2025-10-15T03:24:28.8923281Z [36;1mgit add k8s/frontend-deployment.yaml[0m
2025-10-15T03:24:28.8923741Z [36;1m# Añadimos --allow-empty para que el job no falle si la etiqueta ya está actualizada[0m
2025-10-15T03:24:28.8924365Z [36;1mgit commit --allow-empty -m "chore(cd): Update frontend image tag to 08279e63211d6ce545c2dae23b19310593159bb9" [0m
2025-10-15T03:24:28.8924834Z [36;1mgit push[0m
2025-10-15T03:24:28.8953257Z shell: /usr/bin/bash -e {0}
2025-10-15T03:24:28.8953493Z env:
2025-10-15T03:24:28.8953684Z   DOCKER_IMAGE_NAME: guestbook-frontend
2025-10-15T03:24:28.8953937Z ##[endgroup]
2025-10-15T03:24:28.9087259Z [main a61e1ee] chore(cd): Update frontend image tag to 08279e63211d6ce545c2dae23b19310593159bb9
2025-10-15T03:24:29.5040815Z To https://github.com/naesman1/guestbook-k8s-config
2025-10-15T03:24:29.5041380Z    90961f0..a61e1ee  main -> main
2025-10-15T03:24:29.5136171Z Post job cleanup.
2025-10-15T03:24:29.6108642Z [command]/usr/bin/git version
2025-10-15T03:24:29.6145472Z git version 2.51.0
2025-10-15T03:24:29.6189367Z Temporarily overriding HOME='/home/runner/work/_temp/782bebad-5cea-4955-a6a0-31e647c7a825' before making global git config changes
2025-10-15T03:24:29.6191100Z Adding repository directory to the temporary git global config as a safe directory
2025-10-15T03:24:29.6195995Z [command]/usr/bin/git config --global --add safe.directory /home/runner/work/guestbook-cicd/guestbook-cicd/config-repo
2025-10-15T03:24:29.6237288Z [command]/usr/bin/git config --local --name-only --get-regexp core\.sshCommand
2025-10-15T03:24:29.6269836Z [command]/usr/bin/git submodule foreach --recursive sh -c "git config --local --name-only --get-regexp 'core\.sshCommand' && git config --local --unset-all 'core.sshCommand' || :"
2025-10-15T03:24:29.6491639Z [command]/usr/bin/git config --local --name-only --get-regexp http\.https\:\/\/github\.com\/\.extraheader
2025-10-15T03:24:29.6514678Z http.https://github.com/.extraheader
2025-10-15T03:24:29.6527160Z [command]/usr/bin/git config --local --unset-all http.https://github.com/.extraheader
2025-10-15T03:24:29.6556416Z [command]/usr/bin/git submodule foreach --recursive sh -c "git config --local --name-only --get-regexp 'http\.https\:\/\/github\.com\/\.extraheader' && git config --local --unset-all 'http.https://github.com/.extraheader' || :"
2025-10-15T03:24:29.6883628Z Post job cleanup.
2025-10-15T03:24:29.9034863Z ##[group]Removing temp folder /home/runner/work/_temp/docker-actions-toolkit-QjKo2M
2025-10-15T03:24:29.9049391Z ##[endgroup]
2025-10-15T03:24:29.9050059Z ##[group]Post cache
2025-10-15T03:24:29.9051929Z State not set
2025-10-15T03:24:29.9052548Z ##[endgroup]
2025-10-15T03:24:29.9155494Z Post job cleanup.
2025-10-15T03:24:30.2090586Z [command]/usr/bin/docker logout docker.io
2025-10-15T03:24:30.2217787Z Removing login credentials for docker.io
2025-10-15T03:24:30.2249430Z ##[group]Post cache
2025-10-15T03:24:30.2251103Z State not set
2025-10-15T03:24:30.2252128Z ##[endgroup]
2025-10-15T03:24:30.2391902Z Post job cleanup.
2025-10-15T03:24:30.5088672Z ##[group]Removing builder
2025-10-15T03:24:30.6020786Z [command]/usr/bin/docker buildx rm builder-c006cf88-d89f-43d5-9a05-f9a169ce1cba
2025-10-15T03:24:30.9658526Z builder-c006cf88-d89f-43d5-9a05-f9a169ce1cba removed
2025-10-15T03:24:30.9689557Z ##[endgroup]
2025-10-15T03:24:30.9691184Z ##[group]Cleaning up certificates
2025-10-15T03:24:30.9697643Z ##[endgroup]
2025-10-15T03:24:30.9698172Z ##[group]Post cache
2025-10-15T03:24:30.9699994Z State not set
2025-10-15T03:24:30.9700686Z ##[endgroup]
2025-10-15T03:24:30.9823132Z Post job cleanup.
2025-10-15T03:24:31.0797572Z [command]/usr/bin/git version
2025-10-15T03:24:31.0849526Z git version 2.51.0
2025-10-15T03:24:31.0909013Z Temporarily overriding HOME='/home/runner/work/_temp/578a922b-526d-42a2-88d3-032ec1e735e0' before making global git config changes
2025-10-15T03:24:31.0910071Z Adding repository directory to the temporary git global config as a safe directory
2025-10-15T03:24:31.0925015Z [command]/usr/bin/git config --global --add safe.directory /home/runner/work/guestbook-cicd/guestbook-cicd
2025-10-15T03:24:31.0961069Z [command]/usr/bin/git config --local --name-only --get-regexp core\.sshCommand
2025-10-15T03:24:31.0993085Z [command]/usr/bin/git submodule foreach --recursive sh -c "git config --local --name-only --get-regexp 'core\.sshCommand' && git config --local --unset-all 'core.sshCommand' || :"
2025-10-15T03:24:31.1213812Z [command]/usr/bin/git config --local --name-only --get-regexp http\.https\:\/\/github\.com\/\.extraheader
2025-10-15T03:24:31.1234048Z http.https://github.com/.extraheader
2025-10-15T03:24:31.1246962Z [command]/usr/bin/git config --local --unset-all http.https://github.com/.extraheader
2025-10-15T03:24:31.1277218Z [command]/usr/bin/git submodule foreach --recursive sh -c "git config --local --name-only --get-regexp 'http\.https\:\/\/github\.com\/\.extraheader' && git config --local --unset-all 'http.https://github.com/.extraheader' || :"
2025-10-15T03:24:31.1603192Z Cleaning up orphan processes
