2025-10-15T03:22:20.0735426Z Current runner version: '2.328.0'
2025-10-15T03:22:20.0762676Z ##[group]Runner Image Provisioner
2025-10-15T03:22:20.0763512Z Hosted Compute Agent
2025-10-15T03:22:20.0764041Z Version: 20250912.392
2025-10-15T03:22:20.0765079Z Commit: d921fda672a98b64f4f82364647e2f10b2267d0b
2025-10-15T03:22:20.0765800Z Build Date: 2025-09-12T15:23:14Z
2025-10-15T03:22:20.0766369Z ##[endgroup]
2025-10-15T03:22:20.0767030Z ##[group]Operating System
2025-10-15T03:22:20.0767600Z Ubuntu
2025-10-15T03:22:20.0768034Z 24.04.3
2025-10-15T03:22:20.0768548Z LTS
2025-10-15T03:22:20.0769012Z ##[endgroup]
2025-10-15T03:22:20.0769472Z ##[group]Runner Image
2025-10-15T03:22:20.0770126Z Image: ubuntu-24.04
2025-10-15T03:22:20.0770724Z Version: 20250929.60.1
2025-10-15T03:22:20.0771736Z Included Software: https://github.com/actions/runner-images/blob/ubuntu24/20250929.60/images/ubuntu/Ubuntu2404-Readme.md
2025-10-15T03:22:20.0773421Z Image Release: https://github.com/actions/runner-images/releases/tag/ubuntu24%2F20250929.60
2025-10-15T03:22:20.0774705Z ##[endgroup]
2025-10-15T03:22:20.0777371Z ##[group]GITHUB_TOKEN Permissions
2025-10-15T03:22:20.0779772Z Actions: write
2025-10-15T03:22:20.0780834Z Attestations: write
2025-10-15T03:22:20.0781346Z Checks: write
2025-10-15T03:22:20.0781831Z Contents: write
2025-10-15T03:22:20.0782421Z Deployments: write
2025-10-15T03:22:20.0782906Z Discussions: write
2025-10-15T03:22:20.0783441Z Issues: write
2025-10-15T03:22:20.0783996Z Metadata: read
2025-10-15T03:22:20.0784618Z Models: read
2025-10-15T03:22:20.0785277Z Packages: write
2025-10-15T03:22:20.0785869Z Pages: write
2025-10-15T03:22:20.0786330Z PullRequests: write
2025-10-15T03:22:20.0786886Z RepositoryProjects: write
2025-10-15T03:22:20.0787521Z SecurityEvents: write
2025-10-15T03:22:20.0788127Z Statuses: write
2025-10-15T03:22:20.0788622Z ##[endgroup]
2025-10-15T03:22:20.0790906Z Secret source: Actions
2025-10-15T03:22:20.0791871Z Prepare workflow directory
2025-10-15T03:22:20.1356483Z Prepare all required actions
2025-10-15T03:22:20.1412347Z Getting action download info
2025-10-15T03:22:20.4759526Z Download action repository 'actions/checkout@v4' (SHA:08eba0b27e820071cde6df949e0beb9ba4906955)
2025-10-15T03:22:20.6678458Z Download action repository 'actions/setup-python@v5' (SHA:a26af69be951a213d495a4c3e4e4022e16d87065)
2025-10-15T03:22:21.0474914Z Download action repository 'snyk/actions@master' (SHA:9adf32b1121593767fc3c057af55b55db032dc04)
2025-10-15T03:22:21.3815402Z Download action repository 'SonarSource/sonarcloud-github-action@v2.2' (SHA:4006f663ecaf1f8093e8e4abb9227f6041f52216)
2025-10-15T03:22:21.8469162Z Complete job name: 🧪 Continuous Integration Checks
2025-10-15T03:22:21.9029468Z ##[group]Pull down action image 'snyk/snyk:python-3.11'
2025-10-15T03:22:21.9043036Z ##[command]/usr/bin/docker pull snyk/snyk:python-3.11
2025-10-15T03:22:22.4026007Z python-3.11: Pulling from snyk/snyk
2025-10-15T03:22:22.5102664Z cae3b572364a: Pulling fs layer
2025-10-15T03:22:22.5103906Z bd090f42c4b7: Pulling fs layer
2025-10-15T03:22:22.5105436Z f0c9d6d993ac: Pulling fs layer
2025-10-15T03:22:22.5106833Z a2ade626d67a: Pulling fs layer
2025-10-15T03:22:22.5107985Z f0ab719ce152: Pulling fs layer
2025-10-15T03:22:22.5108923Z 70b5499781b4: Pulling fs layer
2025-10-15T03:22:22.5109843Z 1a92fb383f24: Pulling fs layer
2025-10-15T03:22:22.5110770Z 1687557de361: Pulling fs layer
2025-10-15T03:22:22.5111745Z 7f6ccd90e9fc: Pulling fs layer
2025-10-15T03:22:22.5112729Z e3c5d54f5843: Pulling fs layer
2025-10-15T03:22:22.5113692Z 9c985600407e: Pulling fs layer
2025-10-15T03:22:22.5114843Z 70b5499781b4: Waiting
2025-10-15T03:22:22.5115644Z 1a92fb383f24: Waiting
2025-10-15T03:22:22.5116486Z 1687557de361: Waiting
2025-10-15T03:22:22.5117282Z 7f6ccd90e9fc: Waiting
2025-10-15T03:22:22.5118063Z e3c5d54f5843: Waiting
2025-10-15T03:22:22.5118847Z 9c985600407e: Waiting
2025-10-15T03:22:22.5119626Z a2ade626d67a: Waiting
2025-10-15T03:22:22.5120408Z f0ab719ce152: Waiting
2025-10-15T03:22:22.8617689Z bd090f42c4b7: Verifying Checksum
2025-10-15T03:22:22.8618457Z bd090f42c4b7: Download complete
2025-10-15T03:22:22.9822252Z cae3b572364a: Verifying Checksum
2025-10-15T03:22:22.9828458Z cae3b572364a: Download complete
2025-10-15T03:22:23.1649329Z f0ab719ce152: Verifying Checksum
2025-10-15T03:22:23.1650231Z f0ab719ce152: Download complete
2025-10-15T03:22:23.6559868Z 70b5499781b4: Download complete
2025-10-15T03:22:23.7633682Z 1a92fb383f24: Verifying Checksum
2025-10-15T03:22:23.7639980Z 1a92fb383f24: Download complete
2025-10-15T03:22:23.8781011Z 1687557de361: Verifying Checksum
2025-10-15T03:22:23.8781621Z 1687557de361: Download complete
2025-10-15T03:22:23.9185191Z f0c9d6d993ac: Verifying Checksum
2025-10-15T03:22:23.9185721Z f0c9d6d993ac: Download complete
2025-10-15T03:22:23.9912183Z 7f6ccd90e9fc: Verifying Checksum
2025-10-15T03:22:23.9914171Z 7f6ccd90e9fc: Download complete
2025-10-15T03:22:24.0915942Z 9c985600407e: Verifying Checksum
2025-10-15T03:22:24.0919347Z 9c985600407e: Download complete
2025-10-15T03:22:24.5543169Z e3c5d54f5843: Verifying Checksum
2025-10-15T03:22:24.5545780Z e3c5d54f5843: Download complete
2025-10-15T03:22:24.7122838Z a2ade626d67a: Verifying Checksum
2025-10-15T03:22:24.7123375Z a2ade626d67a: Download complete
2025-10-15T03:22:24.9071241Z cae3b572364a: Pull complete
2025-10-15T03:22:27.6018288Z bd090f42c4b7: Pull complete
2025-10-15T03:22:30.1449206Z f0c9d6d993ac: Pull complete
2025-10-15T03:22:37.7416823Z a2ade626d67a: Pull complete
2025-10-15T03:22:38.0146230Z f0ab719ce152: Pull complete
2025-10-15T03:22:38.8426534Z 70b5499781b4: Pull complete
2025-10-15T03:22:38.8533262Z 1a92fb383f24: Pull complete
2025-10-15T03:22:38.8621674Z 1687557de361: Pull complete
2025-10-15T03:22:38.8711484Z 7f6ccd90e9fc: Pull complete
2025-10-15T03:22:39.5034925Z e3c5d54f5843: Pull complete
2025-10-15T03:22:39.5132338Z 9c985600407e: Pull complete
2025-10-15T03:22:39.5167587Z Digest: sha256:e4e3bccc80b7d79e459d0ac1ff133db95ac168a122b7136e206967da70b292d4
2025-10-15T03:22:39.5177549Z Status: Downloaded newer image for snyk/snyk:python-3.11
2025-10-15T03:22:39.5187187Z docker.io/snyk/snyk:python-3.11
2025-10-15T03:22:39.5213139Z ##[endgroup]
2025-10-15T03:22:39.5250890Z ##[group]Build container for action use: '/home/runner/work/_actions/SonarSource/sonarcloud-github-action/v2.2/Dockerfile'.
2025-10-15T03:22:39.5257145Z ##[command]/usr/bin/docker build -t b816f7:cadeab5def9f445c8b916715f857be7f -f "/home/runner/work/_actions/SonarSource/sonarcloud-github-action/v2.2/Dockerfile" "/home/runner/work/_actions/SonarSource/sonarcloud-github-action/v2.2"
2025-10-15T03:22:42.5262379Z #0 building with "default" instance using docker driver
2025-10-15T03:22:42.5262831Z 
2025-10-15T03:22:42.5263018Z #1 [internal] load build definition from Dockerfile
2025-10-15T03:22:42.5263652Z #1 transferring dockerfile: 1.19kB done
2025-10-15T03:22:42.5264027Z #1 DONE 0.0s
2025-10-15T03:22:42.5264140Z 
2025-10-15T03:22:42.5264590Z #2 [auth] sonarsource/sonar-scanner-cli:pull token for registry-1.docker.io
2025-10-15T03:22:42.5265058Z #2 DONE 0.0s
2025-10-15T03:22:42.5265180Z 
2025-10-15T03:22:42.5265449Z #3 [internal] load metadata for docker.io/sonarsource/sonar-scanner-cli:10.0
2025-10-15T03:22:42.6783604Z #3 DONE 0.4s
2025-10-15T03:22:42.7955754Z 
2025-10-15T03:22:42.7956161Z #4 [internal] load .dockerignore
2025-10-15T03:22:42.7956537Z #4 transferring context: 2B done
2025-10-15T03:22:42.7956765Z #4 DONE 0.0s
2025-10-15T03:22:42.7956866Z 
2025-10-15T03:22:42.7956948Z #5 [internal] load build context
2025-10-15T03:22:42.7957187Z #5 transferring context: 1.45kB done
2025-10-15T03:22:42.7957410Z #5 DONE 0.0s
2025-10-15T03:22:42.7957508Z 
2025-10-15T03:22:42.7957871Z #6 [1/6] FROM docker.io/sonarsource/sonar-scanner-cli:10.0@sha256:0bc49076468d2955948867620b2d98d67f0d59c0fd4a5ef1f0afc55cf86f2079
2025-10-15T03:22:42.7959302Z #6 resolve docker.io/sonarsource/sonar-scanner-cli:10.0@sha256:0bc49076468d2955948867620b2d98d67f0d59c0fd4a5ef1f0afc55cf86f2079 done
2025-10-15T03:22:42.7960557Z #6 extracting sha256:4abcf20661432fb2d719aaf90656f55c287f8ca915dc1c92ec14ff61e67fbaf8
2025-10-15T03:22:42.7961345Z #6 sha256:0bc49076468d2955948867620b2d98d67f0d59c0fd4a5ef1f0afc55cf86f2079 1.36kB / 1.36kB done
2025-10-15T03:22:42.7962597Z #6 sha256:28ccb3e6dcd60822ea19a882cd9b47f204326ab78235403847ea5737491e8281 5.04kB / 5.04kB done
2025-10-15T03:22:42.7963665Z #6 sha256:4abcf20661432fb2d719aaf90656f55c287f8ca915dc1c92ec14ff61e67fbaf8 3.41MB / 3.41MB 0.1s done
2025-10-15T03:22:42.7965021Z #6 sha256:4f4fb700ef54461cfa02571ae0db9a0dc1e0cdb5577484a6d75e68dc38e8acc1 0B / 32B 0.1s
2025-10-15T03:22:42.7965949Z #6 sha256:a85be74683f3d059b745dd36eaaf2c933af3b758d0b482a29104920d6b283451 0B / 99.78MB 0.1s
2025-10-15T03:22:42.7967001Z #6 sha256:39b2fe0ef35895f9509ff5a1c52ee6dab5dde0fce711f1bdfb0df9de2d10b897 0B / 774B 0.1s
2025-10-15T03:22:42.8961015Z #6 extracting sha256:4abcf20661432fb2d719aaf90656f55c287f8ca915dc1c92ec14ff61e67fbaf8 0.1s done
2025-10-15T03:22:42.8962935Z #6 sha256:4f4fb700ef54461cfa02571ae0db9a0dc1e0cdb5577484a6d75e68dc38e8acc1 32B / 32B 0.1s done
2025-10-15T03:22:43.0958180Z #6 sha256:a85be74683f3d059b745dd36eaaf2c933af3b758d0b482a29104920d6b283451 12.58MB / 99.78MB 0.2s
2025-10-15T03:22:43.0959117Z #6 sha256:39b2fe0ef35895f9509ff5a1c52ee6dab5dde0fce711f1bdfb0df9de2d10b897 774B / 774B 0.1s done
2025-10-15T03:22:43.0959853Z #6 extracting sha256:4f4fb700ef54461cfa02571ae0db9a0dc1e0cdb5577484a6d75e68dc38e8acc1 done
2025-10-15T03:22:43.0960875Z #6 sha256:a85be74683f3d059b745dd36eaaf2c933af3b758d0b482a29104920d6b283451 34.60MB / 99.78MB 0.4s
2025-10-15T03:22:43.1963615Z #6 sha256:a85be74683f3d059b745dd36eaaf2c933af3b758d0b482a29104920d6b283451 49.28MB / 99.78MB 0.5s
2025-10-15T03:22:43.3954974Z #6 sha256:a85be74683f3d059b745dd36eaaf2c933af3b758d0b482a29104920d6b283451 71.30MB / 99.78MB 0.7s
2025-10-15T03:22:43.4963319Z #6 sha256:a85be74683f3d059b745dd36eaaf2c933af3b758d0b482a29104920d6b283451 84.93MB / 99.78MB 0.8s
2025-10-15T03:22:43.6963312Z #6 sha256:a85be74683f3d059b745dd36eaaf2c933af3b758d0b482a29104920d6b283451 99.78MB / 99.78MB 1.0s
2025-10-15T03:22:43.8134035Z #6 sha256:a85be74683f3d059b745dd36eaaf2c933af3b758d0b482a29104920d6b283451 99.78MB / 99.78MB 1.0s done
2025-10-15T03:22:43.8135820Z #6 extracting sha256:a85be74683f3d059b745dd36eaaf2c933af3b758d0b482a29104920d6b283451 0.1s
2025-10-15T03:22:45.3111542Z #6 extracting sha256:a85be74683f3d059b745dd36eaaf2c933af3b758d0b482a29104920d6b283451 1.5s done
2025-10-15T03:22:45.5935756Z #6 extracting sha256:39b2fe0ef35895f9509ff5a1c52ee6dab5dde0fce711f1bdfb0df9de2d10b897
2025-10-15T03:22:45.7777706Z #6 extracting sha256:39b2fe0ef35895f9509ff5a1c52ee6dab5dde0fce711f1bdfb0df9de2d10b897 done
2025-10-15T03:22:45.7778483Z #6 DONE 2.9s
2025-10-15T03:22:45.7778664Z 
2025-10-15T03:22:45.7778782Z #7 [2/6] WORKDIR /opt
2025-10-15T03:22:45.7779089Z #7 DONE 0.0s
2025-10-15T03:22:45.7779255Z 
2025-10-15T03:22:45.7779417Z #8 [3/6] COPY entrypoint.sh /entrypoint.sh
2025-10-15T03:22:45.7779830Z #8 DONE 0.0s
2025-10-15T03:22:45.7779999Z 
2025-10-15T03:22:45.7780129Z #9 [4/6] RUN chmod +x /entrypoint.sh
2025-10-15T03:22:45.7780497Z #9 DONE 0.1s
2025-10-15T03:22:45.9163841Z 
2025-10-15T03:22:45.9165599Z #10 [5/6] COPY cleanup.sh /cleanup.sh
2025-10-15T03:22:45.9166271Z #10 DONE 0.0s
2025-10-15T03:22:46.0706220Z 
2025-10-15T03:22:46.0706657Z #11 [6/6] RUN chmod +x /cleanup.sh
2025-10-15T03:22:46.0707106Z #11 DONE 0.1s
2025-10-15T03:22:46.0707298Z 
2025-10-15T03:22:46.0708938Z #12 exporting to image
2025-10-15T03:22:46.0709307Z #12 exporting layers
2025-10-15T03:22:46.1072884Z #12 exporting layers 0.2s done
2025-10-15T03:22:46.1241123Z #12 writing image sha256:8324644f60475621fb00b9fc212b836f4450ebb7bda91a21f965356e6e46f457 done
2025-10-15T03:22:46.1242100Z #12 naming to docker.io/library/b816f7:cadeab5def9f445c8b916715f857be7f done
2025-10-15T03:22:46.1242714Z #12 DONE 0.2s
2025-10-15T03:22:46.1300957Z ##[endgroup]
2025-10-15T03:22:46.1346314Z ##[group]Checking docker version
2025-10-15T03:22:46.1358706Z ##[command]/usr/bin/docker version --format '{{.Server.APIVersion}}'
2025-10-15T03:22:46.1520356Z '1.48'
2025-10-15T03:22:46.1538326Z Docker daemon API version: '1.48'
2025-10-15T03:22:46.1538752Z ##[command]/usr/bin/docker version --format '{{.Client.APIVersion}}'
2025-10-15T03:22:46.1687344Z '1.48'
2025-10-15T03:22:46.1700621Z Docker client API version: '1.48'
2025-10-15T03:22:46.1705289Z ##[endgroup]
2025-10-15T03:22:46.1707875Z ##[group]Clean up resources from previous jobs
2025-10-15T03:22:46.1713412Z ##[command]/usr/bin/docker ps --all --quiet --no-trunc --filter "label=b816f7"
2025-10-15T03:22:46.1851830Z ##[command]/usr/bin/docker network prune --force --filter "label=b816f7"
2025-10-15T03:22:46.1970578Z ##[endgroup]
2025-10-15T03:22:46.1970798Z ##[group]Create local container network
2025-10-15T03:22:46.1980316Z ##[command]/usr/bin/docker network create --label b816f7 github_network_07dbdd6050aa4e9ebc97cea4d0aa16f3
2025-10-15T03:22:46.2419415Z ee7b87b5e7d9fa4bd4f3a04294a88f709102b6f3d2214f788e350926b44d8065
2025-10-15T03:22:46.2440157Z ##[endgroup]
2025-10-15T03:22:46.2464194Z ##[group]Starting redis service container
2025-10-15T03:22:46.2479237Z ##[command]/usr/bin/docker pull redis:7-alpine
2025-10-15T03:22:46.6153538Z 7-alpine: Pulling from library/redis
2025-10-15T03:22:46.7284933Z f637881d1138: Pulling fs layer
2025-10-15T03:22:46.7285354Z 39cb007b6d10: Pulling fs layer
2025-10-15T03:22:46.7285741Z fcf08622f74c: Pulling fs layer
2025-10-15T03:22:46.7286109Z 516a54ddb544: Pulling fs layer
2025-10-15T03:22:46.7286493Z 7f2a16ba242b: Pulling fs layer
2025-10-15T03:22:46.7286773Z 3881684f3863: Pulling fs layer
2025-10-15T03:22:46.7287010Z 4f4fb700ef54: Pulling fs layer
2025-10-15T03:22:46.7287426Z 491cac7f2e45: Pulling fs layer
2025-10-15T03:22:46.7287804Z 516a54ddb544: Waiting
2025-10-15T03:22:46.7288137Z 7f2a16ba242b: Waiting
2025-10-15T03:22:46.7288442Z 3881684f3863: Waiting
2025-10-15T03:22:46.7288784Z 4f4fb700ef54: Waiting
2025-10-15T03:22:46.7289127Z 491cac7f2e45: Waiting
2025-10-15T03:22:46.8403105Z 39cb007b6d10: Verifying Checksum
2025-10-15T03:22:46.8404225Z 39cb007b6d10: Download complete
2025-10-15T03:22:46.8467733Z fcf08622f74c: Verifying Checksum
2025-10-15T03:22:46.8468360Z fcf08622f74c: Download complete
2025-10-15T03:22:46.8687152Z f637881d1138: Verifying Checksum
2025-10-15T03:22:46.8687912Z f637881d1138: Download complete
2025-10-15T03:22:46.9560384Z 516a54ddb544: Verifying Checksum
2025-10-15T03:22:46.9560878Z 516a54ddb544: Download complete
2025-10-15T03:22:46.9789172Z 3881684f3863: Verifying Checksum
2025-10-15T03:22:46.9789605Z 3881684f3863: Download complete
2025-10-15T03:22:46.9799439Z f637881d1138: Pull complete
2025-10-15T03:22:46.9966769Z 39cb007b6d10: Pull complete
2025-10-15T03:22:47.0576686Z 4f4fb700ef54: Download complete
2025-10-15T03:22:47.0979621Z 491cac7f2e45: Verifying Checksum
2025-10-15T03:22:47.0980849Z 491cac7f2e45: Download complete
2025-10-15T03:22:47.1450588Z fcf08622f74c: Pull complete
2025-10-15T03:22:47.1718929Z 516a54ddb544: Pull complete
2025-10-15T03:22:47.1866458Z 7f2a16ba242b: Download complete
2025-10-15T03:22:47.3652896Z 7f2a16ba242b: Pull complete
2025-10-15T03:22:47.3741097Z 3881684f3863: Pull complete
2025-10-15T03:22:47.3813324Z 4f4fb700ef54: Pull complete
2025-10-15T03:22:47.3913693Z 491cac7f2e45: Pull complete
2025-10-15T03:22:47.3948311Z Digest: sha256:3b73847e72874be07e6657b129a94761662b79bc0f679273757d4218573b2a98
2025-10-15T03:22:47.3959254Z Status: Downloaded newer image for redis:7-alpine
2025-10-15T03:22:47.3967428Z docker.io/library/redis:7-alpine
2025-10-15T03:22:47.4000767Z ##[command]/usr/bin/docker create --name 743ab7568baa48009b0b9cada73ce94e_redis7alpine_7f20fd --label b816f7 --network github_network_07dbdd6050aa4e9ebc97cea4d0aa16f3 --network-alias redis -p 6379:6379 --health-cmd "redis-cli ping" --health-interval 10s --health-timeout 5s --health-retries 5 -e GITHUB_ACTIONS=true -e CI=true redis:7-alpine
2025-10-15T03:22:47.4251754Z 39d9c5ebe62b07c70dc6590a9052c9e6508a8fda3dfb17c64e91c6be00aace37
2025-10-15T03:22:47.4273819Z ##[command]/usr/bin/docker start 39d9c5ebe62b07c70dc6590a9052c9e6508a8fda3dfb17c64e91c6be00aace37
2025-10-15T03:22:47.6002646Z 39d9c5ebe62b07c70dc6590a9052c9e6508a8fda3dfb17c64e91c6be00aace37
2025-10-15T03:22:47.6029405Z ##[command]/usr/bin/docker ps --all --filter id=39d9c5ebe62b07c70dc6590a9052c9e6508a8fda3dfb17c64e91c6be00aace37 --filter status=running --no-trunc --format "{{.ID}} {{.Status}}"
2025-10-15T03:22:47.6152019Z 39d9c5ebe62b07c70dc6590a9052c9e6508a8fda3dfb17c64e91c6be00aace37 Up Less than a second (health: starting)
2025-10-15T03:22:47.6170807Z ##[command]/usr/bin/docker port 39d9c5ebe62b07c70dc6590a9052c9e6508a8fda3dfb17c64e91c6be00aace37
2025-10-15T03:22:47.6283787Z 6379/tcp -> 0.0.0.0:6379
2025-10-15T03:22:47.6284270Z 6379/tcp -> [::]:6379
2025-10-15T03:22:47.6393128Z ##[endgroup]
2025-10-15T03:22:47.6404185Z ##[group]Waiting for all services to be ready
2025-10-15T03:22:47.6417577Z ##[command]/usr/bin/docker inspect --format="{{if .Config.Healthcheck}}{{print .State.Health.Status}}{{end}}" 39d9c5ebe62b07c70dc6590a9052c9e6508a8fda3dfb17c64e91c6be00aace37
2025-10-15T03:22:47.6532135Z starting
2025-10-15T03:22:47.6552510Z redis service is starting, waiting 2 seconds before checking again.
2025-10-15T03:22:49.6548852Z ##[command]/usr/bin/docker inspect --format="{{if .Config.Healthcheck}}{{print .State.Health.Status}}{{end}}" 39d9c5ebe62b07c70dc6590a9052c9e6508a8fda3dfb17c64e91c6be00aace37
2025-10-15T03:22:49.6670025Z starting
2025-10-15T03:22:49.6683541Z redis service is starting, waiting 4 seconds before checking again.
2025-10-15T03:22:53.7749708Z ##[command]/usr/bin/docker inspect --format="{{if .Config.Healthcheck}}{{print .State.Health.Status}}{{end}}" 39d9c5ebe62b07c70dc6590a9052c9e6508a8fda3dfb17c64e91c6be00aace37
2025-10-15T03:22:53.7864966Z starting
2025-10-15T03:22:53.7877447Z redis service is starting, waiting 7 seconds before checking again.
2025-10-15T03:23:01.2390067Z ##[command]/usr/bin/docker inspect --format="{{if .Config.Healthcheck}}{{print .State.Health.Status}}{{end}}" 39d9c5ebe62b07c70dc6590a9052c9e6508a8fda3dfb17c64e91c6be00aace37
2025-10-15T03:23:01.2510720Z healthy
2025-10-15T03:23:01.2527732Z redis service is healthy.
2025-10-15T03:23:01.2528476Z ##[endgroup]
2025-10-15T03:23:01.2761675Z ##[group]Run actions/checkout@v4
2025-10-15T03:23:01.2762233Z with:
2025-10-15T03:23:01.2762413Z   fetch-depth: 0
2025-10-15T03:23:01.2762621Z   repository: naesman1/guestbook-cicd
2025-10-15T03:23:01.2763025Z   token: ***
2025-10-15T03:23:01.2763209Z   ssh-strict: true
2025-10-15T03:23:01.2763393Z   ssh-user: git
2025-10-15T03:23:01.2763583Z   persist-credentials: true
2025-10-15T03:23:01.2763800Z   clean: true
2025-10-15T03:23:01.2763983Z   sparse-checkout-cone-mode: true
2025-10-15T03:23:01.2764211Z   fetch-tags: false
2025-10-15T03:23:01.2764555Z   show-progress: true
2025-10-15T03:23:01.2764737Z   lfs: false
2025-10-15T03:23:01.2764901Z   submodules: false
2025-10-15T03:23:01.2765090Z   set-safe-directory: true
2025-10-15T03:23:01.2765517Z env:
2025-10-15T03:23:01.2765712Z   DOCKER_IMAGE_NAME: guestbook-frontend
2025-10-15T03:23:01.2765950Z ##[endgroup]
2025-10-15T03:23:01.3825318Z Syncing repository: naesman1/guestbook-cicd
2025-10-15T03:23:01.3826605Z ##[group]Getting Git version info
2025-10-15T03:23:01.3827007Z Working directory is '/home/runner/work/guestbook-cicd/guestbook-cicd'
2025-10-15T03:23:01.3827555Z [command]/usr/bin/git version
2025-10-15T03:23:01.3840741Z git version 2.51.0
2025-10-15T03:23:01.3866547Z ##[endgroup]
2025-10-15T03:23:01.3880112Z Temporarily overriding HOME='/home/runner/work/_temp/dd91bcf8-ee74-44d6-8d53-9894b826a823' before making global git config changes
2025-10-15T03:23:01.3880948Z Adding repository directory to the temporary git global config as a safe directory
2025-10-15T03:23:01.3892665Z [command]/usr/bin/git config --global --add safe.directory /home/runner/work/guestbook-cicd/guestbook-cicd
2025-10-15T03:23:01.3928678Z Deleting the contents of '/home/runner/work/guestbook-cicd/guestbook-cicd'
2025-10-15T03:23:01.3932096Z ##[group]Initializing the repository
2025-10-15T03:23:01.3936300Z [command]/usr/bin/git init /home/runner/work/guestbook-cicd/guestbook-cicd
2025-10-15T03:23:01.4038726Z hint: Using 'master' as the name for the initial branch. This default branch name
2025-10-15T03:23:01.4039982Z hint: is subject to change. To configure the initial branch name to use in all
2025-10-15T03:23:01.4040634Z hint: of your new repositories, which will suppress this warning, call:
2025-10-15T03:23:01.4041003Z hint:
2025-10-15T03:23:01.4041398Z hint: 	git config --global init.defaultBranch <name>
2025-10-15T03:23:01.4041933Z hint:
2025-10-15T03:23:01.4042459Z hint: Names commonly chosen instead of 'master' are 'main', 'trunk' and
2025-10-15T03:23:01.4043047Z hint: 'development'. The just-created branch can be renamed via this command:
2025-10-15T03:23:01.4043486Z hint:
2025-10-15T03:23:01.4043812Z hint: 	git branch -m <name>
2025-10-15T03:23:01.4044225Z hint:
2025-10-15T03:23:01.4045009Z hint: Disable this message with "git config set advice.defaultBranchName false"
2025-10-15T03:23:01.4046126Z Initialized empty Git repository in /home/runner/work/guestbook-cicd/guestbook-cicd/.git/
2025-10-15T03:23:01.4055171Z [command]/usr/bin/git remote add origin https://github.com/naesman1/guestbook-cicd
2025-10-15T03:23:01.4086941Z ##[endgroup]
2025-10-15T03:23:01.4087325Z ##[group]Disabling automatic garbage collection
2025-10-15T03:23:01.4091531Z [command]/usr/bin/git config --local gc.auto 0
2025-10-15T03:23:01.4119783Z ##[endgroup]
2025-10-15T03:23:01.4120382Z ##[group]Setting up auth
2025-10-15T03:23:01.4127446Z [command]/usr/bin/git config --local --name-only --get-regexp core\.sshCommand
2025-10-15T03:23:01.4156966Z [command]/usr/bin/git submodule foreach --recursive sh -c "git config --local --name-only --get-regexp 'core\.sshCommand' && git config --local --unset-all 'core.sshCommand' || :"
2025-10-15T03:23:01.4511171Z [command]/usr/bin/git config --local --name-only --get-regexp http\.https\:\/\/github\.com\/\.extraheader
2025-10-15T03:23:01.4540762Z [command]/usr/bin/git submodule foreach --recursive sh -c "git config --local --name-only --get-regexp 'http\.https\:\/\/github\.com\/\.extraheader' && git config --local --unset-all 'http.https://github.com/.extraheader' || :"
2025-10-15T03:23:01.4759724Z [command]/usr/bin/git config --local http.https://github.com/.extraheader AUTHORIZATION: basic ***
2025-10-15T03:23:01.4794981Z ##[endgroup]
2025-10-15T03:23:01.4795722Z ##[group]Fetching the repository
2025-10-15T03:23:01.4815111Z [command]/usr/bin/git -c protocol.version=2 fetch --prune --no-recurse-submodules origin +refs/heads/*:refs/remotes/origin/* +refs/tags/*:refs/tags/*
2025-10-15T03:23:01.8136818Z From https://github.com/naesman1/guestbook-cicd
2025-10-15T03:23:01.8137501Z  * [new branch]      feature/test-branch -> origin/feature/test-branch
2025-10-15T03:23:01.8137934Z  * [new branch]      main                -> origin/main
2025-10-15T03:23:01.8177977Z [command]/usr/bin/git branch --list --remote origin/main
2025-10-15T03:23:01.8200670Z   origin/main
2025-10-15T03:23:01.8210966Z [command]/usr/bin/git rev-parse refs/remotes/origin/main
2025-10-15T03:23:01.8230678Z 08279e63211d6ce545c2dae23b19310593159bb9
2025-10-15T03:23:01.8236162Z ##[endgroup]
2025-10-15T03:23:01.8236543Z ##[group]Determining the checkout info
2025-10-15T03:23:01.8237343Z ##[endgroup]
2025-10-15T03:23:01.8241432Z [command]/usr/bin/git sparse-checkout disable
2025-10-15T03:23:01.8323585Z [command]/usr/bin/git config --local --unset-all extensions.worktreeConfig
2025-10-15T03:23:01.8347990Z ##[group]Checking out the ref
2025-10-15T03:23:01.8351700Z [command]/usr/bin/git checkout --progress --force -B main refs/remotes/origin/main
2025-10-15T03:23:01.8410426Z Switched to a new branch 'main'
2025-10-15T03:23:01.8413537Z branch 'main' set up to track 'origin/main'.
2025-10-15T03:23:01.8419705Z ##[endgroup]
2025-10-15T03:23:01.8453701Z [command]/usr/bin/git log -1 --format=%H
2025-10-15T03:23:01.8475832Z 08279e63211d6ce545c2dae23b19310593159bb9
2025-10-15T03:23:01.8673291Z ##[group]Run actions/setup-python@v5
2025-10-15T03:23:01.8673556Z with:
2025-10-15T03:23:01.8673737Z   python-version: 3.11
2025-10-15T03:23:01.8673938Z   cache: pip
2025-10-15T03:23:01.8674114Z   check-latest: false
2025-10-15T03:23:01.8674656Z   token: ***
2025-10-15T03:23:01.8675069Z   update-environment: true
2025-10-15T03:23:01.8675294Z   allow-prereleases: false
2025-10-15T03:23:01.8675503Z   freethreaded: false
2025-10-15T03:23:01.8675687Z env:
2025-10-15T03:23:01.8675866Z   DOCKER_IMAGE_NAME: guestbook-frontend
2025-10-15T03:23:01.8676109Z ##[endgroup]
2025-10-15T03:23:02.0350825Z ##[group]Installed versions
2025-10-15T03:23:02.0468244Z Successfully set up CPython (3.11.13)
2025-10-15T03:23:02.0469057Z ##[endgroup]
2025-10-15T03:23:02.1076871Z [command]/opt/hostedtoolcache/Python/3.11.13/x64/bin/pip cache dir
2025-10-15T03:23:04.6695358Z /home/runner/.cache/pip
2025-10-15T03:23:04.8407562Z Cache hit for: setup-python-Linux-x64-24.04-Ubuntu-python-3.11.13-pip-1493d9422869a010957054c1c0cb47dcfd3fd09af659b016e4820bc298107adf
2025-10-15T03:23:05.2938477Z Received 2762240 of 2762240 (100.0%), 7.8 MBs/sec
2025-10-15T03:23:05.2939126Z Cache Size: ~3 MB (2762240 B)
2025-10-15T03:23:05.2969837Z [command]/usr/bin/tar -xf /home/runner/work/_temp/15fd87a8-5b91-483a-8b38-fa04f6045d39/cache.tzst -P -C /home/runner/work/guestbook-cicd/guestbook-cicd --use-compress-program unzstd
2025-10-15T03:23:05.3161745Z Cache restored successfully
2025-10-15T03:23:05.3173682Z Cache restored from key: setup-python-Linux-x64-24.04-Ubuntu-python-3.11.13-pip-1493d9422869a010957054c1c0cb47dcfd3fd09af659b016e4820bc298107adf
2025-10-15T03:23:05.3290853Z ##[group]Run pip install -r requirements.txt
2025-10-15T03:23:05.3291244Z [36;1mpip install -r requirements.txt[0m
2025-10-15T03:23:05.3331356Z shell: /usr/bin/bash -e {0}
2025-10-15T03:23:05.3331598Z env:
2025-10-15T03:23:05.3331798Z   DOCKER_IMAGE_NAME: guestbook-frontend
2025-10-15T03:23:05.3332139Z   pythonLocation: /opt/hostedtoolcache/Python/3.11.13/x64
2025-10-15T03:23:05.3332561Z   PKG_CONFIG_PATH: /opt/hostedtoolcache/Python/3.11.13/x64/lib/pkgconfig
2025-10-15T03:23:05.3332970Z   Python_ROOT_DIR: /opt/hostedtoolcache/Python/3.11.13/x64
2025-10-15T03:23:05.3333336Z   Python2_ROOT_DIR: /opt/hostedtoolcache/Python/3.11.13/x64
2025-10-15T03:23:05.3333704Z   Python3_ROOT_DIR: /opt/hostedtoolcache/Python/3.11.13/x64
2025-10-15T03:23:05.3334057Z   LD_LIBRARY_PATH: /opt/hostedtoolcache/Python/3.11.13/x64/lib
2025-10-15T03:23:05.3334358Z ##[endgroup]
2025-10-15T03:23:07.5039523Z Collecting Flask==3.0.3 (from -r requirements.txt (line 1))
2025-10-15T03:23:07.5054278Z   Using cached flask-3.0.3-py3-none-any.whl.metadata (3.2 kB)
2025-10-15T03:23:07.5310113Z Collecting redis==5.0.3 (from -r requirements.txt (line 2))
2025-10-15T03:23:07.5324281Z   Using cached redis-5.0.3-py3-none-any.whl.metadata (9.3 kB)
2025-10-15T03:23:07.5623717Z Collecting pytest==8.2.0 (from -r requirements.txt (line 3))
2025-10-15T03:23:07.5637126Z   Using cached pytest-8.2.0-py3-none-any.whl.metadata (7.5 kB)
2025-10-15T03:23:07.5843582Z Collecting Werkzeug>=3.0.0 (from Flask==3.0.3->-r requirements.txt (line 1))
2025-10-15T03:23:07.5858349Z   Using cached werkzeug-3.1.3-py3-none-any.whl.metadata (3.7 kB)
2025-10-15T03:23:07.6102883Z Collecting Jinja2>=3.1.2 (from Flask==3.0.3->-r requirements.txt (line 1))
2025-10-15T03:23:07.6116177Z   Using cached jinja2-3.1.6-py3-none-any.whl.metadata (2.9 kB)
2025-10-15T03:23:07.6233036Z Collecting itsdangerous>=2.1.2 (from Flask==3.0.3->-r requirements.txt (line 1))
2025-10-15T03:23:07.6246394Z   Using cached itsdangerous-2.2.0-py3-none-any.whl.metadata (1.9 kB)
2025-10-15T03:23:07.6398920Z Collecting click>=8.1.3 (from Flask==3.0.3->-r requirements.txt (line 1))
2025-10-15T03:23:07.6419396Z   Using cached click-8.3.0-py3-none-any.whl.metadata (2.6 kB)
2025-10-15T03:23:07.6524604Z Collecting blinker>=1.6.2 (from Flask==3.0.3->-r requirements.txt (line 1))
2025-10-15T03:23:07.6538781Z   Using cached blinker-1.9.0-py3-none-any.whl.metadata (1.6 kB)
2025-10-15T03:23:07.6633288Z Collecting iniconfig (from pytest==8.2.0->-r requirements.txt (line 3))
2025-10-15T03:23:07.6646962Z   Using cached iniconfig-2.1.0-py3-none-any.whl.metadata (2.7 kB)
2025-10-15T03:23:07.6811611Z Collecting packaging (from pytest==8.2.0->-r requirements.txt (line 3))
2025-10-15T03:23:07.6826317Z   Using cached packaging-25.0-py3-none-any.whl.metadata (3.3 kB)
2025-10-15T03:23:07.6946591Z Collecting pluggy<2.0,>=1.5 (from pytest==8.2.0->-r requirements.txt (line 3))
2025-10-15T03:23:07.6960046Z   Using cached pluggy-1.6.0-py3-none-any.whl.metadata (4.8 kB)
2025-10-15T03:23:07.7488192Z Collecting MarkupSafe>=2.0 (from Jinja2>=3.1.2->Flask==3.0.3->-r requirements.txt (line 1))
2025-10-15T03:23:07.7502264Z   Using cached markupsafe-3.0.3-cp311-cp311-manylinux2014_x86_64.manylinux_2_17_x86_64.manylinux_2_28_x86_64.whl.metadata (2.7 kB)
2025-10-15T03:23:07.7565529Z Using cached flask-3.0.3-py3-none-any.whl (101 kB)
2025-10-15T03:23:07.7578807Z Using cached redis-5.0.3-py3-none-any.whl (251 kB)
2025-10-15T03:23:07.7593056Z Using cached pytest-8.2.0-py3-none-any.whl (339 kB)
2025-10-15T03:23:07.7608327Z Using cached pluggy-1.6.0-py3-none-any.whl (20 kB)
2025-10-15T03:23:07.7620769Z Using cached blinker-1.9.0-py3-none-any.whl (8.5 kB)
2025-10-15T03:23:07.7633197Z Using cached click-8.3.0-py3-none-any.whl (107 kB)
2025-10-15T03:23:07.7646588Z Using cached itsdangerous-2.2.0-py3-none-any.whl (16 kB)
2025-10-15T03:23:07.7658733Z Using cached jinja2-3.1.6-py3-none-any.whl (134 kB)
2025-10-15T03:23:07.7672704Z Using cached markupsafe-3.0.3-cp311-cp311-manylinux2014_x86_64.manylinux_2_17_x86_64.manylinux_2_28_x86_64.whl (22 kB)
2025-10-15T03:23:07.7684865Z Using cached werkzeug-3.1.3-py3-none-any.whl (224 kB)
2025-10-15T03:23:07.7698647Z Using cached iniconfig-2.1.0-py3-none-any.whl (6.0 kB)
2025-10-15T03:23:07.7710937Z Using cached packaging-25.0-py3-none-any.whl (66 kB)
2025-10-15T03:23:07.8236619Z Installing collected packages: redis, pluggy, packaging, MarkupSafe, itsdangerous, iniconfig, click, blinker, Werkzeug, pytest, Jinja2, Flask
2025-10-15T03:23:08.5801327Z 
2025-10-15T03:23:08.5815880Z Successfully installed Flask-3.0.3 Jinja2-3.1.6 MarkupSafe-3.0.3 Werkzeug-3.1.3 blinker-1.9.0 click-8.3.0 iniconfig-2.1.0 itsdangerous-2.2.0 packaging-25.0 pluggy-1.6.0 pytest-8.2.0 redis-5.0.3
2025-10-15T03:23:08.6518684Z ##[group]Run pip install flake8
2025-10-15T03:23:08.6519010Z [36;1mpip install flake8[0m
2025-10-15T03:23:08.6519238Z [36;1mflake8 app tests[0m
2025-10-15T03:23:08.6552264Z shell: /usr/bin/bash -e {0}
2025-10-15T03:23:08.6552506Z env:
2025-10-15T03:23:08.6552695Z   DOCKER_IMAGE_NAME: guestbook-frontend
2025-10-15T03:23:08.6553039Z   pythonLocation: /opt/hostedtoolcache/Python/3.11.13/x64
2025-10-15T03:23:08.6553459Z   PKG_CONFIG_PATH: /opt/hostedtoolcache/Python/3.11.13/x64/lib/pkgconfig
2025-10-15T03:23:08.6553866Z   Python_ROOT_DIR: /opt/hostedtoolcache/Python/3.11.13/x64
2025-10-15T03:23:08.6554230Z   Python2_ROOT_DIR: /opt/hostedtoolcache/Python/3.11.13/x64
2025-10-15T03:23:08.6554773Z   Python3_ROOT_DIR: /opt/hostedtoolcache/Python/3.11.13/x64
2025-10-15T03:23:08.6555129Z   LD_LIBRARY_PATH: /opt/hostedtoolcache/Python/3.11.13/x64/lib
2025-10-15T03:23:08.6555424Z ##[endgroup]
2025-10-15T03:23:09.4878791Z Collecting flake8
2025-10-15T03:23:09.4894915Z   Using cached flake8-7.3.0-py2.py3-none-any.whl.metadata (3.8 kB)
2025-10-15T03:23:09.4988192Z Collecting mccabe<0.8.0,>=0.7.0 (from flake8)
2025-10-15T03:23:09.5003966Z   Using cached mccabe-0.7.0-py2.py3-none-any.whl.metadata (5.0 kB)
2025-10-15T03:23:09.5247722Z Collecting pycodestyle<2.15.0,>=2.14.0 (from flake8)
2025-10-15T03:23:09.5263098Z   Using cached pycodestyle-2.14.0-py2.py3-none-any.whl.metadata (4.5 kB)
2025-10-15T03:23:09.5392844Z Collecting pyflakes<3.5.0,>=3.4.0 (from flake8)
2025-10-15T03:23:09.5408527Z   Using cached pyflakes-3.4.0-py2.py3-none-any.whl.metadata (3.5 kB)
2025-10-15T03:23:09.5443941Z Using cached flake8-7.3.0-py2.py3-none-any.whl (57 kB)
2025-10-15T03:23:09.5457505Z Using cached mccabe-0.7.0-py2.py3-none-any.whl (7.3 kB)
2025-10-15T03:23:09.5470412Z Using cached pycodestyle-2.14.0-py2.py3-none-any.whl (31 kB)
2025-10-15T03:23:09.5483873Z Using cached pyflakes-3.4.0-py2.py3-none-any.whl (63 kB)
2025-10-15T03:23:09.5709995Z Installing collected packages: pyflakes, pycodestyle, mccabe, flake8
2025-10-15T03:23:09.7100819Z 
2025-10-15T03:23:09.7115511Z Successfully installed flake8-7.3.0 mccabe-0.7.0 pycodestyle-2.14.0 pyflakes-3.4.0
2025-10-15T03:23:10.4383592Z ##[group]Run pip install pytest coverage
2025-10-15T03:23:10.4383942Z [36;1mpip install pytest coverage[0m
2025-10-15T03:23:10.4384207Z [36;1m# Usa el puerto mapeado (6379)[0m
2025-10-15T03:23:10.4384733Z [36;1mcoverage run --source=app -m pytest tests/[0m
2025-10-15T03:23:10.4385049Z [36;1mcoverage xml -o coverage-report.xml[0m
2025-10-15T03:23:10.4417324Z shell: /usr/bin/bash -e {0}
2025-10-15T03:23:10.4417558Z env:
2025-10-15T03:23:10.4417758Z   DOCKER_IMAGE_NAME: guestbook-frontend
2025-10-15T03:23:10.4418093Z   pythonLocation: /opt/hostedtoolcache/Python/3.11.13/x64
2025-10-15T03:23:10.4418501Z   PKG_CONFIG_PATH: /opt/hostedtoolcache/Python/3.11.13/x64/lib/pkgconfig
2025-10-15T03:23:10.4418886Z   Python_ROOT_DIR: /opt/hostedtoolcache/Python/3.11.13/x64
2025-10-15T03:23:10.4419240Z   Python2_ROOT_DIR: /opt/hostedtoolcache/Python/3.11.13/x64
2025-10-15T03:23:10.4419603Z   Python3_ROOT_DIR: /opt/hostedtoolcache/Python/3.11.13/x64
2025-10-15T03:23:10.4419988Z   LD_LIBRARY_PATH: /opt/hostedtoolcache/Python/3.11.13/x64/lib
2025-10-15T03:23:10.4420291Z   REDIS_HOST: localhost
2025-10-15T03:23:10.4420514Z ##[endgroup]
2025-10-15T03:23:10.7946066Z Requirement already satisfied: pytest in /opt/hostedtoolcache/Python/3.11.13/x64/lib/python3.11/site-packages (8.2.0)
2025-10-15T03:23:11.1555087Z Collecting coverage
2025-10-15T03:23:11.1572621Z   Using cached coverage-7.10.7-cp311-cp311-manylinux1_x86_64.manylinux_2_28_x86_64.manylinux_2_5_x86_64.whl.metadata (8.9 kB)
2025-10-15T03:23:11.1599143Z Requirement already satisfied: iniconfig in /opt/hostedtoolcache/Python/3.11.13/x64/lib/python3.11/site-packages (from pytest) (2.1.0)
2025-10-15T03:23:11.1603591Z Requirement already satisfied: packaging in /opt/hostedtoolcache/Python/3.11.13/x64/lib/python3.11/site-packages (from pytest) (25.0)
2025-10-15T03:23:11.1609963Z Requirement already satisfied: pluggy<2.0,>=1.5 in /opt/hostedtoolcache/Python/3.11.13/x64/lib/python3.11/site-packages (from pytest) (1.6.0)
2025-10-15T03:23:11.1656600Z Using cached coverage-7.10.7-cp311-cp311-manylinux1_x86_64.manylinux_2_28_x86_64.manylinux_2_5_x86_64.whl (250 kB)
2025-10-15T03:23:11.1836339Z Installing collected packages: coverage
2025-10-15T03:23:11.2861244Z Successfully installed coverage-7.10.7
2025-10-15T03:23:12.2857335Z ============================= test session starts ==============================
2025-10-15T03:23:12.2858069Z platform linux -- Python 3.11.13, pytest-8.2.0, pluggy-1.6.0
2025-10-15T03:23:12.2858788Z rootdir: /home/runner/work/guestbook-cicd/guestbook-cicd
2025-10-15T03:23:12.2859320Z collected 2 items
2025-10-15T03:23:12.2859531Z 
2025-10-15T03:23:12.3108679Z tests/test_app.py ..                                                     [100%]
2025-10-15T03:23:12.3109282Z 
2025-10-15T03:23:12.3109524Z ============================== 2 passed in 0.52s ===============================
2025-10-15T03:23:12.4427469Z Wrote XML report to coverage-report.xml
2025-10-15T03:23:12.4579444Z ##[group]Run snyk/actions/python-3.11@master
2025-10-15T03:23:12.4579740Z with:
2025-10-15T03:23:12.4579915Z   command: test
2025-10-15T03:23:12.4580121Z   args: --file=requirements.txt
2025-10-15T03:23:12.4580349Z   json: false
2025-10-15T03:23:12.4580514Z env:
2025-10-15T03:23:12.4580698Z   DOCKER_IMAGE_NAME: guestbook-frontend
2025-10-15T03:23:12.4581022Z   pythonLocation: /opt/hostedtoolcache/Python/3.11.13/x64
2025-10-15T03:23:12.4581430Z   PKG_CONFIG_PATH: /opt/hostedtoolcache/Python/3.11.13/x64/lib/pkgconfig
2025-10-15T03:23:12.4581820Z   Python_ROOT_DIR: /opt/hostedtoolcache/Python/3.11.13/x64
2025-10-15T03:23:12.4582186Z   Python2_ROOT_DIR: /opt/hostedtoolcache/Python/3.11.13/x64
2025-10-15T03:23:12.4582542Z   Python3_ROOT_DIR: /opt/hostedtoolcache/Python/3.11.13/x64
2025-10-15T03:23:12.4582896Z   LD_LIBRARY_PATH: /opt/hostedtoolcache/Python/3.11.13/x64/lib
2025-10-15T03:23:12.4583513Z   SNYK_TOKEN: ***
2025-10-15T03:23:12.4583706Z ##[endgroup]
2025-10-15T03:23:12.4678451Z ##[command]/usr/bin/docker run --name snyksnykpython311_79ab43 --label b816f7 --workdir /github/workspace --rm -e "DOCKER_IMAGE_NAME" -e "pythonLocation" -e "PKG_CONFIG_PATH" -e "Python_ROOT_DIR" -e "Python2_ROOT_DIR" -e "Python3_ROOT_DIR" -e "LD_LIBRARY_PATH" -e "SNYK_TOKEN" -e "INPUT_COMMAND" -e "INPUT_ARGS" -e "INPUT_JSON" -e "FORCE_COLOR" -e "SNYK_INTEGRATION_NAME" -e "SNYK_INTEGRATION_VERSION" -e "HOME" -e "GITHUB_JOB" -e "GITHUB_REF" -e "GITHUB_SHA" -e "GITHUB_REPOSITORY" -e "GITHUB_REPOSITORY_OWNER" -e "GITHUB_REPOSITORY_OWNER_ID" -e "GITHUB_RUN_ID" -e "GITHUB_RUN_NUMBER" -e "GITHUB_RETENTION_DAYS" -e "GITHUB_RUN_ATTEMPT" -e "GITHUB_ACTOR_ID" -e "GITHUB_ACTOR" -e "GITHUB_WORKFLOW" -e "GITHUB_HEAD_REF" -e "GITHUB_BASE_REF" -e "GITHUB_EVENT_NAME" -e "GITHUB_SERVER_URL" -e "GITHUB_API_URL" -e "GITHUB_GRAPHQL_URL" -e "GITHUB_REF_NAME" -e "GITHUB_REF_PROTECTED" -e "GITHUB_REF_TYPE" -e "GITHUB_WORKFLOW_REF" -e "GITHUB_WORKFLOW_SHA" -e "GITHUB_REPOSITORY_ID" -e "GITHUB_TRIGGERING_ACTOR" -e "GITHUB_WORKSPACE" -e "GITHUB_ACTION" -e "GITHUB_EVENT_PATH" -e "GITHUB_ACTION_REPOSITORY" -e "GITHUB_ACTION_REF" -e "GITHUB_PATH" -e "GITHUB_ENV" -e "GITHUB_STEP_SUMMARY" -e "GITHUB_STATE" -e "GITHUB_OUTPUT" -e "RUNNER_OS" -e "RUNNER_ARCH" -e "RUNNER_NAME" -e "RUNNER_ENVIRONMENT" -e "RUNNER_TOOL_CACHE" -e "RUNNER_TEMP" -e "RUNNER_WORKSPACE" -e "ACTIONS_RUNTIME_URL" -e "ACTIONS_RUNTIME_TOKEN" -e "ACTIONS_CACHE_URL" -e "ACTIONS_RESULTS_URL" -e GITHUB_ACTIONS=true -e CI=true --network github_network_07dbdd6050aa4e9ebc97cea4d0aa16f3 -v "/var/run/docker.sock":"/var/run/docker.sock" -v "/home/runner/work/_temp/_github_home":"/github/home" -v "/home/runner/work/_temp/_github_workflow":"/github/workflow" -v "/home/runner/work/_temp/_runner_file_commands":"/github/file_commands" -v "/home/runner/work/guestbook-cicd/guestbook-cicd":"/github/workspace" snyk/snyk:python-3.11  "snyk" "test" "--file=requirements.txt"
2025-10-15T03:23:19.7129748Z [1m[37m[39m[22m
2025-10-15T03:23:19.7130347Z [1m[37mTesting /github/workspace...[39m[22m
2025-10-15T03:23:19.7130924Z [1m[37m[39m[22m
2025-10-15T03:23:19.7131435Z [1m[37m[39m[22m[1mOrganization:      [22mnaesman1
2025-10-15T03:23:19.7132007Z [1mPackage manager:   [22mpip
2025-10-15T03:23:19.7132527Z [1mTarget file:       [22mrequirements.txt
2025-10-15T03:23:19.7133070Z [1mProject name:      [22mworkspace
2025-10-15T03:23:19.7133753Z [1mOpen source:       [22mno
2025-10-15T03:23:19.7134273Z [1mProject path:      [22m/github/workspace
2025-10-15T03:23:19.7135122Z [1mLicenses:          [22m[32menabled[39m
2025-10-15T03:23:19.7135454Z 
2025-10-15T03:23:19.7138019Z [32m✔ Tested 12 dependencies for known issues, no vulnerable paths found.[39m
2025-10-15T03:23:19.7138575Z 
2025-10-15T03:23:19.7138582Z 
2025-10-15T03:23:20.4742409Z ##[group]Run SonarSource/sonarcloud-github-action@v2.2
2025-10-15T03:23:20.4742748Z with:
2025-10-15T03:23:20.4743653Z   args: -Dsonar.organization=naesman1 -Dsonar.projectKey=naesman1_guestbook-cicd -Dsonar.sources=app/ -Dsonar.tests=tests/ -Dsonar.python.coverage.reportPaths=coverage-report.xml -Dsonar.scm.disabled=true # Soluciona el error de rama en el scanner

2025-10-15T03:23:20.4744932Z   projectBaseDir: .
2025-10-15T03:23:20.4745133Z env:
2025-10-15T03:23:20.4745330Z   DOCKER_IMAGE_NAME: guestbook-frontend
2025-10-15T03:23:20.4745662Z   pythonLocation: /opt/hostedtoolcache/Python/3.11.13/x64
2025-10-15T03:23:20.4746068Z   PKG_CONFIG_PATH: /opt/hostedtoolcache/Python/3.11.13/x64/lib/pkgconfig
2025-10-15T03:23:20.4746459Z   Python_ROOT_DIR: /opt/hostedtoolcache/Python/3.11.13/x64
2025-10-15T03:23:20.4746816Z   Python2_ROOT_DIR: /opt/hostedtoolcache/Python/3.11.13/x64
2025-10-15T03:23:20.4747177Z   Python3_ROOT_DIR: /opt/hostedtoolcache/Python/3.11.13/x64
2025-10-15T03:23:20.4747567Z   LD_LIBRARY_PATH: /opt/hostedtoolcache/Python/3.11.13/x64/lib
2025-10-15T03:23:20.4748115Z   GITHUB_TOKEN: ***
2025-10-15T03:23:20.4748376Z   SONAR_TOKEN: ***
2025-10-15T03:23:20.4748565Z ##[endgroup]
2025-10-15T03:23:20.4760767Z ##[command]/usr/bin/docker run --name b816f7cadeab5def9f445c8b916715f857be7f_28e76e --label b816f7 --workdir /github/workspace --rm -e "DOCKER_IMAGE_NAME" -e "pythonLocation" -e "PKG_CONFIG_PATH" -e "Python_ROOT_DIR" -e "Python2_ROOT_DIR" -e "Python3_ROOT_DIR" -e "LD_LIBRARY_PATH" -e "GITHUB_TOKEN" -e "SONAR_TOKEN" -e "INPUT_ARGS" -e "INPUT_PROJECTBASEDIR" -e "HOME" -e "GITHUB_JOB" -e "GITHUB_REF" -e "GITHUB_SHA" -e "GITHUB_REPOSITORY" -e "GITHUB_REPOSITORY_OWNER" -e "GITHUB_REPOSITORY_OWNER_ID" -e "GITHUB_RUN_ID" -e "GITHUB_RUN_NUMBER" -e "GITHUB_RETENTION_DAYS" -e "GITHUB_RUN_ATTEMPT" -e "GITHUB_ACTOR_ID" -e "GITHUB_ACTOR" -e "GITHUB_WORKFLOW" -e "GITHUB_HEAD_REF" -e "GITHUB_BASE_REF" -e "GITHUB_EVENT_NAME" -e "GITHUB_SERVER_URL" -e "GITHUB_API_URL" -e "GITHUB_GRAPHQL_URL" -e "GITHUB_REF_NAME" -e "GITHUB_REF_PROTECTED" -e "GITHUB_REF_TYPE" -e "GITHUB_WORKFLOW_REF" -e "GITHUB_WORKFLOW_SHA" -e "GITHUB_REPOSITORY_ID" -e "GITHUB_TRIGGERING_ACTOR" -e "GITHUB_WORKSPACE" -e "GITHUB_ACTION" -e "GITHUB_EVENT_PATH" -e "GITHUB_ACTION_REPOSITORY" -e "GITHUB_ACTION_REF" -e "GITHUB_PATH" -e "GITHUB_ENV" -e "GITHUB_STEP_SUMMARY" -e "GITHUB_STATE" -e "GITHUB_OUTPUT" -e "RUNNER_OS" -e "RUNNER_ARCH" -e "RUNNER_NAME" -e "RUNNER_ENVIRONMENT" -e "RUNNER_TOOL_CACHE" -e "RUNNER_TEMP" -e "RUNNER_WORKSPACE" -e "ACTIONS_RUNTIME_URL" -e "ACTIONS_RUNTIME_TOKEN" -e "ACTIONS_CACHE_URL" -e "ACTIONS_RESULTS_URL" -e GITHUB_ACTIONS=true -e CI=true --entrypoint "/entrypoint.sh" --network github_network_07dbdd6050aa4e9ebc97cea4d0aa16f3 -v "/var/run/docker.sock":"/var/run/docker.sock" -v "/home/runner/work/_temp/_github_home":"/github/home" -v "/home/runner/work/_temp/_github_workflow":"/github/workflow" -v "/home/runner/work/_temp/_runner_file_commands":"/github/file_commands" -v "/home/runner/work/guestbook-cicd/guestbook-cicd":"/github/workspace" b816f7:cadeab5def9f445c8b916715f857be7f -Dsonar.organization=naesman1 -Dsonar.projectKey=naesman1_guestbook-cicd -Dsonar.sources=app/ -Dsonar.tests=tests/ -Dsonar.python.coverage.reportPaths=coverage-report.xml -Dsonar.scm.disabled=true # Soluciona el error de rama en el scanner
2025-10-15T03:23:20.6681686Z INFO: Scanner configuration file: /opt/sonar-scanner/conf/sonar-scanner.properties
2025-10-15T03:23:20.6687907Z INFO: Project root configuration file: NONE
2025-10-15T03:23:20.6980282Z INFO: SonarScanner 5.0.1.3006
2025-10-15T03:23:20.6982416Z INFO: Java 17.0.11 Alpine (64-bit)
2025-10-15T03:23:20.6982962Z INFO: Linux 6.11.0-1018-azure amd64
2025-10-15T03:23:20.9015775Z INFO: User cache: /opt/sonar-scanner/.sonar/cache
2025-10-15T03:23:23.2622564Z INFO: Analyzing on SonarCloud
2025-10-15T03:23:23.2624746Z INFO: Default locale: "en_US", source code encoding: "UTF-8" (analysis is platform dependent)
2025-10-15T03:23:23.9691901Z INFO: Load global settings
2025-10-15T03:23:24.5152134Z INFO: Load global settings (done) | time=549ms
2025-10-15T03:23:24.5186485Z INFO: Server id: 1BD809FA-AWHW8ct9-T_TB3XqouNu
2025-10-15T03:23:24.6576706Z INFO: Loading required plugins
2025-10-15T03:23:24.6577225Z INFO: Load plugins index
2025-10-15T03:23:24.8331217Z INFO: Load plugins index (done) | time=176ms
2025-10-15T03:23:24.8334618Z INFO: Load/download plugins
2025-10-15T03:23:25.4816780Z INFO: Load/download plugins (done) | time=648ms
2025-10-15T03:23:25.8722262Z INFO: Found an active CI vendor: 'Github Actions'
2025-10-15T03:23:25.8800130Z INFO: Load project settings for component key: 'naesman1_guestbook-cicd'
2025-10-15T03:23:26.2707121Z INFO: Load project settings for component key: 'naesman1_guestbook-cicd' (done) | time=391ms
2025-10-15T03:23:26.2761992Z INFO: Process project properties
2025-10-15T03:23:26.2825377Z INFO: Execute project builders
2025-10-15T03:23:26.2827496Z INFO: Execute project builders (done) | time=0ms
2025-10-15T03:23:26.2858706Z INFO: Project key: naesman1_guestbook-cicd
2025-10-15T03:23:26.2859213Z INFO: Base dir: /github/workspace
2025-10-15T03:23:26.2859692Z INFO: Working dir: /github/workspace/.scannerwork
2025-10-15T03:23:26.2901341Z INFO: Load project branches
2025-10-15T03:23:26.5386600Z INFO: Load project branches (done) | time=249ms
2025-10-15T03:23:26.5408828Z INFO: Check ALM binding of project 'naesman1_guestbook-cicd'
2025-10-15T03:23:26.6646586Z INFO: Detected project binding: BOUND
2025-10-15T03:23:26.6648078Z INFO: Check ALM binding of project 'naesman1_guestbook-cicd' (done) | time=124ms
2025-10-15T03:23:26.6656833Z INFO: Load project pull requests
2025-10-15T03:23:26.9218843Z INFO: Load project pull requests (done) | time=256ms
2025-10-15T03:23:26.9234303Z INFO: Load branch configuration
2025-10-15T03:23:26.9243204Z INFO: Github event: push
2025-10-15T03:23:26.9280667Z INFO: Auto-configuring branch main
2025-10-15T03:23:26.9287391Z INFO: Load branch configuration (done) | time=5ms
2025-10-15T03:23:26.9345967Z INFO: Load quality profiles
2025-10-15T03:23:27.3615476Z INFO: Load quality profiles (done) | time=426ms
2025-10-15T03:23:27.3662098Z INFO: Inferred api base url 'https://api.sonarcloud.io' from host url 'https://sonarcloud.io'.
2025-10-15T03:23:27.5625894Z INFO: Inferred api base url 'https://api.sonarcloud.io' from host url 'https://sonarcloud.io'.
2025-10-15T03:23:27.5633326Z INFO: Create analysis
2025-10-15T03:23:28.0207436Z INFO: Create analysis (done) | time=458ms
2025-10-15T03:23:28.0215046Z INFO: Inferred api base url 'https://api.sonarcloud.io' from host url 'https://sonarcloud.io'.
2025-10-15T03:23:28.0220261Z INFO: Load active rules
2025-10-15T03:23:29.1592290Z INFO: Load active rules (done) | time=1137ms
2025-10-15T03:23:29.2970665Z INFO: Organization key: naesman1
2025-10-15T03:23:29.2979720Z INFO: Branch name: main, type: long-lived
2025-10-15T03:23:29.3202774Z INFO: Preprocessing files...
2025-10-15T03:23:29.3556308Z INFO: 2 languages detected in 5 preprocessed files (done) | time=34ms
2025-10-15T03:23:29.3572963Z INFO: 0 files ignored because of inclusion/exclusion patterns
2025-10-15T03:23:29.3861117Z INFO: Loading plugins for detected languages
2025-10-15T03:23:29.3866190Z INFO: Load/download plugins
2025-10-15T03:23:30.6400143Z INFO: Load/download plugins (done) | time=1253ms
2025-10-15T03:23:30.8956686Z INFO: SonarJasmin relies on SonarSecurity to define the JS/TS security rule repositories.
2025-10-15T03:23:31.0038247Z INFO: Load project repositories
2025-10-15T03:23:31.1523251Z INFO: Load project repositories (done) | time=148ms
2025-10-15T03:23:31.1550513Z INFO: Indexing files...
2025-10-15T03:23:31.1552401Z INFO: Project configuration:
2025-10-15T03:23:31.1555943Z INFO:   Excluded sources: **/build-wrapper-dump.json
2025-10-15T03:23:31.1632118Z INFO: 5 files indexed (done) | time=7ms
2025-10-15T03:23:31.1695899Z INFO: Quality profile for py: Sonar way
2025-10-15T03:23:31.1699011Z INFO: Quality profile for web: Sonar way
2025-10-15T03:23:31.1699687Z INFO: ------------- Run sensors on module naesman1_guestbook-cicd
2025-10-15T03:23:31.2271414Z INFO: SonarJasmin relies on SonarSecurity to define the JS/TS security rule repositories.
2025-10-15T03:23:31.2307725Z INFO: Load metrics repository
2025-10-15T03:23:31.3537610Z INFO: Load metrics repository (done) | time=124ms
2025-10-15T03:23:31.3578783Z INFO: Sensor cache enabled
2025-10-15T03:23:31.3588394Z INFO: Inferred api base url 'https://api.sonarcloud.io' from host url 'https://sonarcloud.io'.
2025-10-15T03:23:31.3593199Z INFO: Load sensor cache
2025-10-15T03:23:32.9779064Z INFO: Load sensor cache (215 KB) | time=1618ms
2025-10-15T03:23:32.9791726Z INFO: Inferred api base url 'https://api.sonarcloud.io' from host url 'https://sonarcloud.io'.
2025-10-15T03:23:33.9687873Z INFO: Sensor Python Sensor [python]
2025-10-15T03:23:33.9726053Z WARN: Your code is analyzed as compatible with all Python 3 versions by default. You can get a more precise analysis by setting the exact Python version in your configuration via the parameter "sonar.python.version"
2025-10-15T03:23:34.1481870Z INFO: Starting global symbols computation
2025-10-15T03:23:34.1523334Z INFO: 2 source files to be analyzed
2025-10-15T03:23:34.3483099Z INFO: 2/2 source files have been analyzed
2025-10-15T03:23:34.3507458Z INFO: Finished step global symbols computation in 200ms
2025-10-15T03:23:34.3767531Z INFO: Starting rules execution
2025-10-15T03:23:34.3775007Z INFO: 2 source files to be analyzed
2025-10-15T03:23:36.9702853Z INFO: 2/2 source files have been analyzed
2025-10-15T03:23:36.9706260Z INFO: Finished step rules execution in 2594ms
2025-10-15T03:23:36.9709070Z INFO: The Python analyzer was able to leverage cached data from previous analyses for 0 out of 2 files. These files were not parsed.
2025-10-15T03:23:36.9729232Z INFO: Sensor Python Sensor [python] (done) | time=3004ms
2025-10-15T03:23:36.9734833Z INFO: Sensor Cobertura Sensor for Python coverage [python]
2025-10-15T03:23:37.0659368Z INFO: Python test coverage
2025-10-15T03:23:37.0676217Z INFO: Parsing report '/github/workspace/coverage-report.xml'
2025-10-15T03:23:37.1229624Z WARN: Invalid directory path in 'source' element: /home/runner/work/guestbook-cicd/guestbook-cicd
2025-10-15T03:23:37.1314586Z INFO: Sensor Cobertura Sensor for Python coverage [python] (done) | time=157ms
2025-10-15T03:23:37.1315431Z INFO: Sensor PythonXUnitSensor [python]
2025-10-15T03:23:37.2224277Z INFO: Sensor PythonXUnitSensor [python] (done) | time=91ms
2025-10-15T03:23:37.2225916Z INFO: Sensor Python Dependency Sensor [python]
2025-10-15T03:23:37.2267232Z INFO: Sensor Python Dependency Sensor [python] (done) | time=4ms
2025-10-15T03:23:37.2268950Z INFO: Sensor JaCoCo XML Report Importer [jacoco]
2025-10-15T03:23:37.2273212Z INFO: 'sonar.coverage.jacoco.xmlReportPaths' is not defined. Using default locations: target/site/jacoco/jacoco.xml,target/site/jacoco-it/jacoco.xml,build/reports/jacoco/test/jacocoTestReport.xml
2025-10-15T03:23:37.2277153Z INFO: No report imported, no coverage information will be imported by JaCoCo XML Report Importer
2025-10-15T03:23:37.2279486Z INFO: Sensor JaCoCo XML Report Importer [jacoco] (done) | time=1ms
2025-10-15T03:23:37.2280545Z INFO: Sensor IaC GitHub Actions Sensor [iacenterprise]
2025-10-15T03:23:37.2309242Z INFO: There are no files to be analyzed for the GitHub Actions language
2025-10-15T03:23:37.2313894Z INFO: Sensor IaC GitHub Actions Sensor [iacenterprise] (done) | time=2ms
2025-10-15T03:23:37.2315438Z INFO: Sensor IaC Docker Sensor [iac]
2025-10-15T03:23:37.2323299Z INFO: There are no files to be analyzed for the Docker language
2025-10-15T03:23:37.2324032Z INFO: Sensor IaC Docker Sensor [iac] (done) | time=1ms
2025-10-15T03:23:37.2324804Z INFO: Sensor IaC hadolint report Sensor [iac]
2025-10-15T03:23:37.2339764Z INFO: Sensor IaC hadolint report Sensor [iac] (done) | time=2ms
2025-10-15T03:23:37.2340566Z INFO: Sensor Java Config Sensor [iac]
2025-10-15T03:23:37.2387668Z INFO: There are no files to be analyzed for the Java language
2025-10-15T03:23:37.2388622Z INFO: Sensor Java Config Sensor [iac] (done) | time=5ms
2025-10-15T03:23:37.2407310Z INFO: Sensor JavaScript inside HTML analysis [javascript]
2025-10-15T03:23:37.5179212Z INFO: Detected os: Linux arch: amd64 alpine: true. Platform: LINUX_X64_MUSL
2025-10-15T03:23:37.5187463Z INFO: Deploy location /opt/sonar-scanner/.sonar/js/node-runtime, tagetRuntime: /opt/sonar-scanner/.sonar/js/node-runtime/node,  version: /opt/sonar-scanner/.sonar/js/node-runtime/version.txt
2025-10-15T03:23:40.6164755Z INFO: Using embedded Node.js runtime.
2025-10-15T03:23:40.6165390Z INFO: Using Node.js executable: '/opt/sonar-scanner/.sonar/js/node-runtime/node'.
2025-10-15T03:23:42.5782224Z INFO: Memory configuration: OS (15995 MB), Node.js (4144 MB).
2025-10-15T03:23:42.6345901Z INFO: WebSocket client connected on /ws
2025-10-15T03:23:42.6432115Z INFO: 1 source file to be analyzed
2025-10-15T03:23:44.4537470Z INFO: Plugin version: [11.4.1.34873]
2025-10-15T03:23:44.4909495Z INFO: 1/1 source file has been analyzed
2025-10-15T03:23:44.4910360Z INFO: Hit the cache for 0 out of 1
2025-10-15T03:23:44.4919576Z INFO: Miss the cache for 1 out of 1: ANALYSIS_MODE_INELIGIBLE [1/1]
2025-10-15T03:23:44.4925241Z INFO: Sensor JavaScript inside HTML analysis [javascript] (done) | time=7251ms
2025-10-15T03:23:44.4925978Z INFO: Sensor CSS Rules [javascript]
2025-10-15T03:23:44.4975853Z INFO: 1 source file to be analyzed
2025-10-15T03:23:44.5675260Z INFO: 1/1 source file has been analyzed
2025-10-15T03:23:44.5675815Z INFO: Hit the cache for 0 out of 0
2025-10-15T03:23:44.5681918Z INFO: Miss the cache for 0 out of 0
2025-10-15T03:23:44.5683155Z INFO: Sensor CSS Rules [javascript] (done) | time=75ms
2025-10-15T03:23:44.5684355Z INFO: Sensor Python HTML templates processing [securitypythonfrontend]
2025-10-15T03:23:44.5686085Z INFO: Found no 'settings.py' files in the project. We will consider 'autoescape' project option enabled.
2025-10-15T03:23:44.5790455Z INFO: Sensor Python HTML templates processing [securitypythonfrontend] (done) | time=11ms
2025-10-15T03:23:44.5792474Z INFO: Sensor HTML [web]
2025-10-15T03:23:44.6267585Z INFO: Sensor HTML [web] (done) | time=46ms
2025-10-15T03:23:44.6268316Z INFO: Sensor Serverless configuration file sensor [security]
2025-10-15T03:23:44.6269039Z INFO: 0 Serverless function entries were found in the project
2025-10-15T03:23:44.6272997Z INFO: 0 Serverless function handlers were kept as entrypoints
2025-10-15T03:23:44.6281319Z INFO: Sensor Serverless configuration file sensor [security] (done) | time=2ms
2025-10-15T03:23:44.6284984Z INFO: Sensor AWS SAM template file sensor [security]
2025-10-15T03:23:44.6286426Z INFO: Sensor AWS SAM template file sensor [security] (done) | time=0ms
2025-10-15T03:23:44.6287507Z INFO: Sensor AWS SAM Inline template file sensor [security]
2025-10-15T03:23:44.6293105Z INFO: Sensor AWS SAM Inline template file sensor [security] (done) | time=0ms
2025-10-15T03:23:44.6294266Z INFO: Sensor javabugs [dbd]
2025-10-15T03:23:44.6346777Z INFO: No IR files have been included for analysis.
2025-10-15T03:23:44.6354175Z INFO: Sensor javabugs [dbd] (done) | time=6ms
2025-10-15T03:23:44.6355933Z INFO: Sensor pythonbugs [dbd]
2025-10-15T03:23:44.6776344Z INFO: Analyzing 1/42 functions to detect bugs.
2025-10-15T03:23:44.7953884Z INFO: Sensor pythonbugs [dbd] (done) | time=159ms
2025-10-15T03:23:44.7956067Z INFO: Sensor EnterpriseTextAndSecretsSensor [textenterprise]
2025-10-15T03:23:44.8059570Z INFO: Available processors: 4
2025-10-15T03:23:44.8063718Z INFO: Using 4 threads for analysis.
2025-10-15T03:23:45.4950316Z INFO: Start fetching files for the text and secrets analysis
2025-10-15T03:23:45.5001131Z INFO: Using Git CLI to retrieve untracked files
2025-10-15T03:23:45.5713453Z INFO: Retrieving language associated files and files included via "sonar.text.inclusions" that are tracked by git
2025-10-15T03:23:45.5731450Z INFO: Starting the text and secrets analysis
2025-10-15T03:23:45.5738125Z INFO: 3 source files to be analyzed for the text and secrets analysis
2025-10-15T03:23:45.5960049Z INFO: 3/3 source files have been analyzed for the text and secrets analysis
2025-10-15T03:23:45.5978779Z INFO: Start fetching files for the binary file analysis
2025-10-15T03:23:45.5982065Z INFO: There are no files to be analyzed for the binary file analysis
2025-10-15T03:23:45.5991993Z INFO: Sensor EnterpriseTextAndSecretsSensor [textenterprise] (done) | time=804ms
2025-10-15T03:23:45.6000095Z INFO: Sensor JavaSecuritySensor [security]
2025-10-15T03:23:45.6078170Z INFO: 29 taint analysis rules enabled.
2025-10-15T03:23:45.6100828Z INFO: No UCFGs have been included for analysis.
2025-10-15T03:23:45.6114898Z INFO: java security sensor: Begin: 2025-10-15T03:23:45.602557060Z, End: 2025-10-15T03:23:45.609684579Z, Duration: 00:00:00.007
2025-10-15T03:23:45.6116174Z   Load type hierarchy and UCFGs: Begin: 2025-10-15T03:23:45.606480482Z, End: 2025-10-15T03:23:45.608029921Z, Duration: 00:00:00.001
2025-10-15T03:23:45.6117409Z     Load type hierarchy: Begin: 2025-10-15T03:23:45.606498055Z, End: 2025-10-15T03:23:45.607736273Z, Duration: 00:00:00.001
2025-10-15T03:23:45.6118529Z     Load UCFGs: Begin: 2025-10-15T03:23:45.607912282Z, End: 2025-10-15T03:23:45.607944792Z, Duration: 00:00:00.000
2025-10-15T03:23:45.6119329Z INFO: java security sensor peak memory: 302 MB
2025-10-15T03:23:45.6123562Z INFO: Sensor JavaSecuritySensor [security] (done) | time=13ms
2025-10-15T03:23:45.6129597Z INFO: Sensor CSharpSecuritySensor [security]
2025-10-15T03:23:45.6134811Z INFO: 27 taint analysis rules enabled.
2025-10-15T03:23:45.6139734Z INFO: No UCFGs have been included for analysis.
2025-10-15T03:23:45.6149236Z INFO: csharp security sensor: Begin: 2025-10-15T03:23:45.612744712Z, End: 2025-10-15T03:23:45.614106564Z, Duration: 00:00:00.001
2025-10-15T03:23:45.6153575Z   Load type hierarchy and UCFGs: Begin: 2025-10-15T03:23:45.613261467Z, End: 2025-10-15T03:23:45.613558692Z, Duration: 00:00:00.000
2025-10-15T03:23:45.6157481Z     Load type hierarchy: Begin: 2025-10-15T03:23:45.613264913Z, End: 2025-10-15T03:23:45.613363507Z, Duration: 00:00:00.000
2025-10-15T03:23:45.6158595Z     Load UCFGs: Begin: 2025-10-15T03:23:45.613496265Z, End: 2025-10-15T03:23:45.613521933Z, Duration: 00:00:00.000
2025-10-15T03:23:45.6159376Z INFO: csharp security sensor peak memory: 302 MB
2025-10-15T03:23:45.6159988Z INFO: Sensor CSharpSecuritySensor [security] (done) | time=2ms
2025-10-15T03:23:45.6160597Z INFO: Sensor VbNetSecuritySensor [security]
2025-10-15T03:23:45.6173321Z INFO: 25 taint analysis rules enabled.
2025-10-15T03:23:45.6176533Z INFO: No UCFGs have been included for analysis.
2025-10-15T03:23:45.6177434Z INFO: vbnet security sensor: Begin: 2025-10-15T03:23:45.615186387Z, End: 2025-10-15T03:23:45.615902293Z, Duration: 00:00:00.000
2025-10-15T03:23:45.6182793Z   Load type hierarchy and UCFGs: Begin: 2025-10-15T03:23:45.615422598Z, End: 2025-10-15T03:23:45.615638521Z, Duration: 00:00:00.000
2025-10-15T03:23:45.6183999Z     Load type hierarchy: Begin: 2025-10-15T03:23:45.615426505Z, End: 2025-10-15T03:23:45.615515140Z, Duration: 00:00:00.000
2025-10-15T03:23:45.6185515Z     Load UCFGs: Begin: 2025-10-15T03:23:45.615561758Z, End: 2025-10-15T03:23:45.615594499Z, Duration: 00:00:00.000
2025-10-15T03:23:45.6186324Z INFO: vbnet security sensor peak memory: 302 MB
2025-10-15T03:23:45.6186955Z INFO: Sensor VbNetSecuritySensor [security] (done) | time=2ms
2025-10-15T03:23:45.6187536Z INFO: Sensor PhpSecuritySensor [security]
2025-10-15T03:23:45.6188022Z INFO: 18 taint analysis rules enabled.
2025-10-15T03:23:45.6188496Z INFO: No UCFGs have been included for analysis.
2025-10-15T03:23:45.6189341Z INFO: php security sensor: Begin: 2025-10-15T03:23:45.616732893Z, End: 2025-10-15T03:23:45.617309479Z, Duration: 00:00:00.000
2025-10-15T03:23:45.6190507Z   Load type hierarchy and UCFGs: Begin: 2025-10-15T03:23:45.616886410Z, End: 2025-10-15T03:23:45.617032282Z, Duration: 00:00:00.000
2025-10-15T03:23:45.6191641Z     Load type hierarchy: Begin: 2025-10-15T03:23:45.616889876Z, End: 2025-10-15T03:23:45.616938687Z, Duration: 00:00:00.000
2025-10-15T03:23:45.6196248Z     Load UCFGs: Begin: 2025-10-15T03:23:45.616985024Z, End: 2025-10-15T03:23:45.616997697Z, Duration: 00:00:00.000
2025-10-15T03:23:45.6197375Z INFO: php security sensor peak memory: 302 MB
2025-10-15T03:23:45.6197976Z INFO: Sensor PhpSecuritySensor [security] (done) | time=1ms
2025-10-15T03:23:45.6198579Z INFO: Sensor PythonSecuritySensor [security]
2025-10-15T03:23:45.6199073Z INFO: 21 taint analysis rules enabled.
2025-10-15T03:23:46.4115722Z INFO: Analyzing 5704 UCFGs to detect vulnerabilities.
2025-10-15T03:23:46.8391796Z INFO: All rules entry points : 1
2025-10-15T03:23:46.8396394Z INFO: Retained UCFGs : 6
2025-10-15T03:23:46.8572716Z INFO: 0 / 6 UCFGs simulated, memory usage: 335 MB
2025-10-15T03:23:46.9323145Z INFO: 3 / 6 UCFGs simulated, memory usage: 340 MB
2025-10-15T03:23:46.9530514Z INFO: python security sensor: Begin: 2025-10-15T03:23:45.618340834Z, End: 2025-10-15T03:23:46.950293977Z, Duration: 00:00:01.331
2025-10-15T03:23:46.9531831Z   Load type hierarchy and UCFGs: Begin: 2025-10-15T03:23:45.618565232Z, End: 2025-10-15T03:23:46.411005654Z, Duration: 00:00:00.792
2025-10-15T03:23:46.9533009Z     Load type hierarchy: Begin: 2025-10-15T03:23:45.618568298Z, End: 2025-10-15T03:23:45.760178298Z, Duration: 00:00:00.141
2025-10-15T03:23:46.9534052Z     Load UCFGs: Begin: 2025-10-15T03:23:45.760244962Z, End: 2025-10-15T03:23:46.410910376Z, Duration: 00:00:00.650
2025-10-15T03:23:46.9535622Z   Check cache: Begin: 2025-10-15T03:23:46.411196190Z, End: 2025-10-15T03:23:46.411549890Z, Duration: 00:00:00.000
2025-10-15T03:23:46.9536666Z     Load cache: Begin: 2025-10-15T03:23:46.411206609Z, End: 2025-10-15T03:23:46.411226676Z, Duration: 00:00:00.000
2025-10-15T03:23:46.9537753Z   Create runtime call graph: Begin: 2025-10-15T03:23:46.411583933Z, End: 2025-10-15T03:23:46.556209188Z, Duration: 00:00:00.144
2025-10-15T03:23:46.9538939Z     Variable Type Analysis #1: Begin: 2025-10-15T03:23:46.412253152Z, End: 2025-10-15T03:23:46.491541903Z, Duration: 00:00:00.079
2025-10-15T03:23:46.9540188Z       Create runtime type propagation graph: Begin: 2025-10-15T03:23:46.412864954Z, End: 2025-10-15T03:23:46.446394648Z, Duration: 00:00:00.033
2025-10-15T03:23:46.9541434Z       Run SCC (Tarjan) on 12131 nodes: Begin: 2025-10-15T03:23:46.446683407Z, End: 2025-10-15T03:23:46.460185705Z, Duration: 00:00:00.013
2025-10-15T03:23:46.9542792Z       Propagate runtime types to strongly connected components: Begin: 2025-10-15T03:23:46.460274321Z, End: 2025-10-15T03:23:46.491486490Z, Duration: 00:00:00.031
2025-10-15T03:23:46.9544152Z     Variable Type Analysis #2: Begin: 2025-10-15T03:23:46.492909976Z, End: 2025-10-15T03:23:46.552037112Z, Duration: 00:00:00.059
2025-10-15T03:23:46.9545545Z       Create runtime type propagation graph: Begin: 2025-10-15T03:23:46.492916889Z, End: 2025-10-15T03:23:46.517239912Z, Duration: 00:00:00.024
2025-10-15T03:23:46.9546775Z       Run SCC (Tarjan) on 12058 nodes: Begin: 2025-10-15T03:23:46.517294063Z, End: 2025-10-15T03:23:46.526287337Z, Duration: 00:00:00.008
2025-10-15T03:23:46.9548149Z       Propagate runtime types to strongly connected components: Begin: 2025-10-15T03:23:46.526326349Z, End: 2025-10-15T03:23:46.551970167Z, Duration: 00:00:00.025
2025-10-15T03:23:46.9549445Z   Load config: Begin: 2025-10-15T03:23:46.556245506Z, End: 2025-10-15T03:23:46.782934480Z, Duration: 00:00:00.226
2025-10-15T03:23:46.9566649Z   Compute entry points: Begin: 2025-10-15T03:23:46.782992308Z, End: 2025-10-15T03:23:46.838426147Z, Duration: 00:00:00.055
2025-10-15T03:23:46.9570906Z   Slice call graph: Begin: 2025-10-15T03:23:46.838747006Z, End: 2025-10-15T03:23:46.840045971Z, Duration: 00:00:00.001
2025-10-15T03:23:46.9573152Z   Live variable analysis: Begin: 2025-10-15T03:23:46.840092627Z, End: 2025-10-15T03:23:46.845542318Z, Duration: 00:00:00.005
2025-10-15T03:23:46.9575647Z   Taint analysis for python: Begin: 2025-10-15T03:23:46.845672130Z, End: 2025-10-15T03:23:46.931974439Z, Duration: 00:00:00.086
2025-10-15T03:23:46.9577827Z   Report issues: Begin: 2025-10-15T03:23:46.932037166Z, End: 2025-10-15T03:23:46.936638473Z, Duration: 00:00:00.004
2025-10-15T03:23:46.9580151Z   Store cache: Begin: 2025-10-15T03:23:46.937904938Z, End: 2025-10-15T03:23:46.949426949Z, Duration: 00:00:00.011
2025-10-15T03:23:46.9581785Z INFO: python security sensor peak memory: 467 MB
2025-10-15T03:23:46.9582417Z INFO: Sensor PythonSecuritySensor [security] (done) | time=1334ms
2025-10-15T03:23:46.9583010Z INFO: Sensor JsSecuritySensor [security]
2025-10-15T03:23:46.9583558Z INFO: Sensor JsSecuritySensor [security] (done) | time=0ms
2025-10-15T03:23:46.9584122Z INFO: Sensor KotlinSecuritySensor [security]
2025-10-15T03:23:46.9584766Z INFO: 28 taint analysis rules enabled.
2025-10-15T03:23:46.9585240Z INFO: No UCFGs have been included for analysis.
2025-10-15T03:23:46.9586086Z INFO: kotlin security sensor: Begin: 2025-10-15T03:23:46.954007028Z, End: 2025-10-15T03:23:46.955645877Z, Duration: 00:00:00.001
2025-10-15T03:23:46.9587282Z   Load type hierarchy and UCFGs: Begin: 2025-10-15T03:23:46.954349437Z, End: 2025-10-15T03:23:46.954654815Z, Duration: 00:00:00.000
2025-10-15T03:23:46.9588445Z     Load type hierarchy: Begin: 2025-10-15T03:23:46.954352153Z, End: 2025-10-15T03:23:46.954592048Z, Duration: 00:00:00.000
2025-10-15T03:23:46.9589511Z     Load UCFGs: Begin: 2025-10-15T03:23:46.954621293Z, End: 2025-10-15T03:23:46.954638866Z, Duration: 00:00:00.000
2025-10-15T03:23:46.9590286Z INFO: kotlin security sensor peak memory: 343 MB
2025-10-15T03:23:46.9591100Z INFO: Sensor KotlinSecuritySensor [security] (done) | time=2ms
2025-10-15T03:23:46.9591674Z INFO: Sensor GoSecuritySensor [security]
2025-10-15T03:23:46.9592120Z INFO: 9 taint analysis rules enabled.
2025-10-15T03:23:46.9592579Z INFO: No UCFGs have been included for analysis.
2025-10-15T03:23:46.9595422Z INFO: go security sensor: Begin: 2025-10-15T03:23:46.956378304Z, End: 2025-10-15T03:23:46.956868328Z, Duration: 00:00:00.000
2025-10-15T03:23:46.9596638Z   Load type hierarchy and UCFGs: Begin: 2025-10-15T03:23:46.956547139Z, End: 2025-10-15T03:23:46.956656673Z, Duration: 00:00:00.000
2025-10-15T03:23:46.9597813Z     Load type hierarchy: Begin: 2025-10-15T03:23:46.956549623Z, End: 2025-10-15T03:23:46.956610467Z, Duration: 00:00:00.000
2025-10-15T03:23:46.9598860Z     Load UCFGs: Begin: 2025-10-15T03:23:46.956634011Z, End: 2025-10-15T03:23:46.956644831Z, Duration: 00:00:00.000
2025-10-15T03:23:46.9599613Z INFO: go security sensor peak memory: 343 MB
2025-10-15T03:23:46.9600188Z INFO: Sensor GoSecuritySensor [security] (done) | time=2ms
2025-10-15T03:23:46.9612338Z INFO: ------------- Run sensors on project
2025-10-15T03:23:47.1667713Z INFO: Sensor PythonArchitectureSensor [architecture]
2025-10-15T03:23:47.1856110Z INFO: Sensor PythonArchitectureSensor [architecture] (done) | time=18ms
2025-10-15T03:23:47.1857392Z INFO: Sensor Zero Coverage Sensor
2025-10-15T03:23:47.1862391Z INFO: Sensor Zero Coverage Sensor (done) | time=0ms
2025-10-15T03:23:47.1864356Z INFO: ------------- Gather SCA dependencies on project
2025-10-15T03:23:47.3338465Z INFO: Checking if SCA is enabled for organization naesman1
2025-10-15T03:23:47.5528909Z INFO: Dependency analysis skipped
2025-10-15T03:23:47.5535000Z INFO: SCM Publisher is disabled
2025-10-15T03:23:47.5553100Z INFO: CPD Executor Calculating CPD for 2 files
2025-10-15T03:23:47.5597915Z INFO: CPD Executor CPD calculation finished (done) | time=4ms
2025-10-15T03:23:47.6863070Z INFO: Analysis report generated in 123ms, dir size=326 KB
2025-10-15T03:23:47.7018283Z INFO: Analysis report compressed in 16ms, zip size=65 KB
2025-10-15T03:23:48.1107345Z INFO: Analysis report uploaded in 409ms
2025-10-15T03:23:48.1119108Z INFO: ANALYSIS SUCCESSFUL, you can find the results at: https://sonarcloud.io/dashboard?id=naesman1_guestbook-cicd&branch=main
2025-10-15T03:23:48.1120591Z INFO: Note that you will be able to access the updated dashboard once the server has processed the submitted analysis report
2025-10-15T03:23:48.1121874Z INFO: More about the report processing at https://sonarcloud.io/api/ce/task?id=AZnl5TWxQA1F3N1ntKZ4
2025-10-15T03:23:48.1122516Z INFO: ------------- Upload SCA dependency files
2025-10-15T03:23:49.2711640Z INFO: Sensor cache published successfully
2025-10-15T03:23:49.2721703Z INFO: Inferred api base url 'https://api.sonarcloud.io' from host url 'https://sonarcloud.io'.
2025-10-15T03:23:49.3606888Z INFO: Analysis total time: 23.703 s
2025-10-15T03:23:49.3644327Z INFO: ------------------------------------------------------------------------
2025-10-15T03:23:49.3645363Z INFO: EXECUTION SUCCESS
2025-10-15T03:23:49.3647254Z INFO: ------------------------------------------------------------------------
2025-10-15T03:23:49.3675161Z INFO: Total time: 28.700s
2025-10-15T03:23:49.5400203Z INFO: Final Memory: 254M/648M
2025-10-15T03:23:49.5400859Z INFO: ------------------------------------------------------------------------
2025-10-15T03:23:50.2823515Z Post job cleanup.
2025-10-15T03:23:50.2836397Z ##[command]/usr/bin/docker run --name b816f7cadeab5def9f445c8b916715f857be7f_55b804 --label b816f7 --workdir /github/workspace --rm -e "DOCKER_IMAGE_NAME" -e "pythonLocation" -e "PKG_CONFIG_PATH" -e "Python_ROOT_DIR" -e "Python2_ROOT_DIR" -e "Python3_ROOT_DIR" -e "LD_LIBRARY_PATH" -e "GITHUB_TOKEN" -e "SONAR_TOKEN" -e "INPUT_ARGS" -e "INPUT_PROJECTBASEDIR" -e "HOME" -e "GITHUB_JOB" -e "GITHUB_REF" -e "GITHUB_SHA" -e "GITHUB_REPOSITORY" -e "GITHUB_REPOSITORY_OWNER" -e "GITHUB_REPOSITORY_OWNER_ID" -e "GITHUB_RUN_ID" -e "GITHUB_RUN_NUMBER" -e "GITHUB_RETENTION_DAYS" -e "GITHUB_RUN_ATTEMPT" -e "GITHUB_ACTOR_ID" -e "GITHUB_ACTOR" -e "GITHUB_WORKFLOW" -e "GITHUB_HEAD_REF" -e "GITHUB_BASE_REF" -e "GITHUB_EVENT_NAME" -e "GITHUB_SERVER_URL" -e "GITHUB_API_URL" -e "GITHUB_GRAPHQL_URL" -e "GITHUB_REF_NAME" -e "GITHUB_REF_PROTECTED" -e "GITHUB_REF_TYPE" -e "GITHUB_WORKFLOW_REF" -e "GITHUB_WORKFLOW_SHA" -e "GITHUB_REPOSITORY_ID" -e "GITHUB_TRIGGERING_ACTOR" -e "GITHUB_WORKSPACE" -e "GITHUB_ACTION" -e "GITHUB_EVENT_PATH" -e "GITHUB_ACTION_REPOSITORY" -e "GITHUB_ACTION_REF" -e "GITHUB_PATH" -e "GITHUB_ENV" -e "GITHUB_STEP_SUMMARY" -e "GITHUB_STATE" -e "GITHUB_OUTPUT" -e "RUNNER_OS" -e "RUNNER_ARCH" -e "RUNNER_NAME" -e "RUNNER_ENVIRONMENT" -e "RUNNER_TOOL_CACHE" -e "RUNNER_TEMP" -e "RUNNER_WORKSPACE" -e "ACTIONS_RUNTIME_URL" -e "ACTIONS_RUNTIME_TOKEN" -e "ACTIONS_CACHE_URL" -e "ACTIONS_RESULTS_URL" -e GITHUB_ACTIONS=true -e CI=true --entrypoint "/cleanup.sh" --network github_network_07dbdd6050aa4e9ebc97cea4d0aa16f3 -v "/var/run/docker.sock":"/var/run/docker.sock" -v "/home/runner/work/_temp/_github_home":"/github/home" -v "/home/runner/work/_temp/_github_workflow":"/github/workflow" -v "/home/runner/work/_temp/_runner_file_commands":"/github/file_commands" -v "/home/runner/work/guestbook-cicd/guestbook-cicd":"/github/workspace" b816f7:cadeab5def9f445c8b916715f857be7f -Dsonar.organization=naesman1 -Dsonar.projectKey=naesman1_guestbook-cicd -Dsonar.sources=app/ -Dsonar.tests=tests/ -Dsonar.python.coverage.reportPaths=coverage-report.xml -Dsonar.scm.disabled=true # Soluciona el error de rama en el scanner
2025-10-15T03:23:50.5885927Z Post job cleanup.
2025-10-15T03:23:50.7507971Z Cache hit occurred on the primary key setup-python-Linux-x64-24.04-Ubuntu-python-3.11.13-pip-1493d9422869a010957054c1c0cb47dcfd3fd09af659b016e4820bc298107adf, not saving cache.
2025-10-15T03:23:50.7634691Z Post job cleanup.
2025-10-15T03:23:50.8599937Z [command]/usr/bin/git version
2025-10-15T03:23:50.8638105Z git version 2.51.0
2025-10-15T03:23:50.8683928Z Temporarily overriding HOME='/home/runner/work/_temp/c0cd0c0e-bedc-4386-903c-e52d41c887b6' before making global git config changes
2025-10-15T03:23:50.8685335Z Adding repository directory to the temporary git global config as a safe directory
2025-10-15T03:23:50.8697275Z [command]/usr/bin/git config --global --add safe.directory /home/runner/work/guestbook-cicd/guestbook-cicd
2025-10-15T03:23:50.8734553Z [command]/usr/bin/git config --local --name-only --get-regexp core\.sshCommand
2025-10-15T03:23:50.8771246Z [command]/usr/bin/git submodule foreach --recursive sh -c "git config --local --name-only --get-regexp 'core\.sshCommand' && git config --local --unset-all 'core.sshCommand' || :"
2025-10-15T03:23:50.9012292Z [command]/usr/bin/git config --local --name-only --get-regexp http\.https\:\/\/github\.com\/\.extraheader
2025-10-15T03:23:50.9035446Z http.https://github.com/.extraheader
2025-10-15T03:23:50.9048503Z [command]/usr/bin/git config --local --unset-all http.https://github.com/.extraheader
2025-10-15T03:23:50.9079936Z [command]/usr/bin/git submodule foreach --recursive sh -c "git config --local --name-only --get-regexp 'http\.https\:\/\/github\.com\/\.extraheader' && git config --local --unset-all 'http.https://github.com/.extraheader' || :"
2025-10-15T03:23:50.9401236Z Print service container logs: 743ab7568baa48009b0b9cada73ce94e_redis7alpine_7f20fd
2025-10-15T03:23:50.9406573Z ##[command]/usr/bin/docker logs --details 39d9c5ebe62b07c70dc6590a9052c9e6508a8fda3dfb17c64e91c6be00aace37
2025-10-15T03:23:50.9531761Z  1:C 15 Oct 2025 03:22:47.608 # WARNING Memory overcommit must be enabled! Without it, a background save or replication may fail under low memory condition. Being disabled, it can also cause failures without low memory condition, see https://github.com/jemalloc/jemalloc/issues/1328. To fix this issue add 'vm.overcommit_memory = 1' to /etc/sysctl.conf and then reboot or run the command 'sysctl vm.overcommit_memory=1' for this to take effect.
2025-10-15T03:23:50.9533384Z  1:C 15 Oct 2025 03:22:47.608 * oO0OoO0OoO0Oo Redis is starting oO0OoO0OoO0Oo
2025-10-15T03:23:50.9534193Z  1:C 15 Oct 2025 03:22:47.608 * Redis version=7.4.6, bits=64, commit=00000000, modified=0, pid=1, just started
2025-10-15T03:23:50.9535293Z  1:C 15 Oct 2025 03:22:47.608 # Warning: no config file specified, using the default config. In order to specify a config file use redis-server /path/to/redis.conf
2025-10-15T03:23:50.9535919Z  1:M 15 Oct 2025 03:22:47.608 * monotonic clock: POSIX clock_gettime
2025-10-15T03:23:50.9536296Z  1:M 15 Oct 2025 03:22:47.609 * Running mode=standalone, port=6379.
2025-10-15T03:23:50.9536638Z  1:M 15 Oct 2025 03:22:47.609 * Server initialized
2025-10-15T03:23:50.9536949Z  1:M 15 Oct 2025 03:22:47.609 * Ready to accept connections tcp
2025-10-15T03:23:50.9553061Z Stop and remove container: 743ab7568baa48009b0b9cada73ce94e_redis7alpine_7f20fd
2025-10-15T03:23:50.9559025Z ##[command]/usr/bin/docker rm --force 39d9c5ebe62b07c70dc6590a9052c9e6508a8fda3dfb17c64e91c6be00aace37
2025-10-15T03:23:51.0748439Z 39d9c5ebe62b07c70dc6590a9052c9e6508a8fda3dfb17c64e91c6be00aace37
2025-10-15T03:23:51.0778037Z Remove container network: github_network_07dbdd6050aa4e9ebc97cea4d0aa16f3
2025-10-15T03:23:51.0782493Z ##[command]/usr/bin/docker network rm github_network_07dbdd6050aa4e9ebc97cea4d0aa16f3
2025-10-15T03:23:51.1989800Z github_network_07dbdd6050aa4e9ebc97cea4d0aa16f3
2025-10-15T03:23:51.2050762Z Cleaning up orphan processes
